<?xml version="1.0" encoding="ISO-8859-1" ?>
<link_info>
   <banner>TMS320C2000 Linker PC v22.6.1.LTS</banner>
   <copyright>Copyright (c) 1996-2018 Texas Instruments Incorporated</copyright>
   <link_time>0x67443b7e</link_time>
   <link_errors>0x0</link_errors>
   <output_file>is09_flying_start_coff.out</output_file>
   <entry_point>
      <name>code_start</name>
      <address>0x0</address>
   </entry_point>
   <input_file_list>
      <input_file id="fl-2">
         <path>.\</path>
         <kind>object</kind>
         <file>is09_flying_start.obj</file>
         <name>is09_flying_start.obj</name>
      </input_file>
      <input_file id="fl-3">
         <path>.\src_board\</path>
         <kind>object</kind>
         <file>drv8320.obj</file>
         <name>drv8320.obj</name>
      </input_file>
      <input_file id="fl-4">
         <path>.\src_board\</path>
         <kind>object</kind>
         <file>hal.obj</file>
         <name>hal.obj</name>
      </input_file>
      <input_file id="fl-5">
         <path>.\src_device\</path>
         <kind>object</kind>
         <file>f28004x_codestartbranch.obj</file>
         <name>f28004x_codestartbranch.obj</name>
      </input_file>
      <input_file id="fl-6">
         <path>.\src_device\</path>
         <kind>object</kind>
         <file>f28004x_globalvariabledefs.obj</file>
         <name>f28004x_globalvariabledefs.obj</name>
      </input_file>
      <input_file id="fl-7">
         <path>.\src_fast\</path>
         <kind>object</kind>
         <file>ctrl.obj</file>
         <name>ctrl.obj</name>
      </input_file>
      <input_file id="fl-8">
         <path>.\src_fast\</path>
         <kind>object</kind>
         <file>user.obj</file>
         <name>user.obj</name>
      </input_file>
      <input_file id="fl-9">
         <path>.\src_foc\</path>
         <kind>object</kind>
         <file>clarke.obj</file>
         <name>clarke.obj</name>
      </input_file>
      <input_file id="fl-a">
         <path>.\src_foc\</path>
         <kind>object</kind>
         <file>cpu_time.obj</file>
         <name>cpu_time.obj</name>
      </input_file>
      <input_file id="fl-b">
         <path>.\src_foc\</path>
         <kind>object</kind>
         <file>datalog.obj</file>
         <name>datalog.obj</name>
      </input_file>
      <input_file id="fl-c">
         <path>.\src_foc\</path>
         <kind>object</kind>
         <file>filter_fo.obj</file>
         <name>filter_fo.obj</name>
      </input_file>
      <input_file id="fl-d">
         <path>.\src_foc\</path>
         <kind>object</kind>
         <file>ipark.obj</file>
         <name>ipark.obj</name>
      </input_file>
      <input_file id="fl-e">
         <path>.\src_foc\</path>
         <kind>object</kind>
         <file>park.obj</file>
         <name>park.obj</name>
      </input_file>
      <input_file id="fl-f">
         <path>.\src_foc\</path>
         <kind>object</kind>
         <file>pi.obj</file>
         <name>pi.obj</name>
      </input_file>
      <input_file id="fl-10">
         <path>.\src_foc\</path>
         <kind>object</kind>
         <file>svgen.obj</file>
         <name>svgen.obj</name>
      </input_file>
      <input_file id="fl-11">
         <path>.\src_foc\</path>
         <kind>object</kind>
         <file>svgen_current.obj</file>
         <name>svgen_current.obj</name>
      </input_file>
      <input_file id="fl-12">
         <path>.\src_foc\</path>
         <kind>object</kind>
         <file>traj.obj</file>
         <name>traj.obj</name>
      </input_file>
      <input_file id="fl-1a">
         <kind>object</kind>
         <file>&lt;internal&gt;</file>
         <name>&lt;internal&gt;</name>
      </input_file>
      <input_file id="fl-1e">
         <path>C:\ti\c2000\C2000Ware_MotorControl_SDK_5_02_00_00\c2000ware\driverlib\f28004x\driverlib\ccs\Release\</path>
         <kind>archive</kind>
         <file>driverlib_coff.lib</file>
         <name>adc.obj</name>
      </input_file>
      <input_file id="fl-1f">
         <path>C:\ti\c2000\C2000Ware_MotorControl_SDK_5_02_00_00\c2000ware\driverlib\f28004x\driverlib\ccs\Release\</path>
         <kind>archive</kind>
         <file>driverlib_coff.lib</file>
         <name>cla.obj</name>
      </input_file>
      <input_file id="fl-20">
         <path>C:\ti\c2000\C2000Ware_MotorControl_SDK_5_02_00_00\c2000ware\driverlib\f28004x\driverlib\ccs\Release\</path>
         <kind>archive</kind>
         <file>driverlib_coff.lib</file>
         <name>cmpss.obj</name>
      </input_file>
      <input_file id="fl-21">
         <path>C:\ti\c2000\C2000Ware_MotorControl_SDK_5_02_00_00\c2000ware\driverlib\f28004x\driverlib\ccs\Release\</path>
         <kind>archive</kind>
         <file>driverlib_coff.lib</file>
         <name>cputimer.obj</name>
      </input_file>
      <input_file id="fl-22">
         <path>C:\ti\c2000\C2000Ware_MotorControl_SDK_5_02_00_00\c2000ware\driverlib\f28004x\driverlib\ccs\Release\</path>
         <kind>archive</kind>
         <file>driverlib_coff.lib</file>
         <name>dma.obj</name>
      </input_file>
      <input_file id="fl-23">
         <path>C:\ti\c2000\C2000Ware_MotorControl_SDK_5_02_00_00\c2000ware\driverlib\f28004x\driverlib\ccs\Release\</path>
         <kind>archive</kind>
         <file>driverlib_coff.lib</file>
         <name>epwm.obj</name>
      </input_file>
      <input_file id="fl-24">
         <path>C:\ti\c2000\C2000Ware_MotorControl_SDK_5_02_00_00\c2000ware\driverlib\f28004x\driverlib\ccs\Release\</path>
         <kind>archive</kind>
         <file>driverlib_coff.lib</file>
         <name>gpio.obj</name>
      </input_file>
      <input_file id="fl-25">
         <path>C:\ti\c2000\C2000Ware_MotorControl_SDK_5_02_00_00\c2000ware\driverlib\f28004x\driverlib\ccs\Release\</path>
         <kind>archive</kind>
         <file>driverlib_coff.lib</file>
         <name>interrupt.obj</name>
      </input_file>
      <input_file id="fl-26">
         <path>C:\ti\c2000\C2000Ware_MotorControl_SDK_5_02_00_00\c2000ware\driverlib\f28004x\driverlib\ccs\Release\</path>
         <kind>archive</kind>
         <file>driverlib_coff.lib</file>
         <name>sci.obj</name>
      </input_file>
      <input_file id="fl-27">
         <path>C:\ti\c2000\C2000Ware_MotorControl_SDK_5_02_00_00\c2000ware\driverlib\f28004x\driverlib\ccs\Release\</path>
         <kind>archive</kind>
         <file>driverlib_coff.lib</file>
         <name>spi.obj</name>
      </input_file>
      <input_file id="fl-28">
         <path>C:\ti\c2000\C2000Ware_MotorControl_SDK_5_02_00_00\c2000ware\driverlib\f28004x\driverlib\ccs\Release\</path>
         <kind>archive</kind>
         <file>driverlib_coff.lib</file>
         <name>sysctl.obj</name>
      </input_file>
      <input_file id="fl-29">
         <path>C:\ti\c2000\C2000Ware_MotorControl_SDK_5_02_00_00\c2000ware\driverlib\f28004x\driverlib\ccs\Release\</path>
         <kind>archive</kind>
         <file>driverlib_coff.lib</file>
         <name>xbar.obj</name>
      </input_file>
      <input_file id="fl-2d">
         <path>C:\ti\c2000\C2000Ware_MotorControl_SDK_5_02_00_00\libraries\observers\fast\lib\f28004x\</path>
         <kind>archive</kind>
         <file>f28004x_fast_rom_symbols_fpu32_coff.lib</file>
         <name>F28004x_FAST_ROM_CPU_out__EST_computeTorque_Nm_tmp.obj</name>
      </input_file>
      <input_file id="fl-2e">
         <path>C:\ti\c2000\C2000Ware_MotorControl_SDK_5_02_00_00\libraries\observers\fast\lib\f28004x\</path>
         <kind>archive</kind>
         <file>f28004x_fast_rom_symbols_fpu32_coff.lib</file>
         <name>F28004x_FAST_ROM_CPU_out__EST_configureTraj_tmp.obj</name>
      </input_file>
      <input_file id="fl-2f">
         <path>C:\ti\c2000\C2000Ware_MotorControl_SDK_5_02_00_00\libraries\observers\fast\lib\f28004x\</path>
         <kind>archive</kind>
         <file>f28004x_fast_rom_symbols_fpu32_coff.lib</file>
         <name>F28004x_FAST_ROM_CPU_out__EST_disable_tmp.obj</name>
      </input_file>
      <input_file id="fl-30">
         <path>C:\ti\c2000\C2000Ware_MotorControl_SDK_5_02_00_00\libraries\observers\fast\lib\f28004x\</path>
         <kind>archive</kind>
         <file>f28004x_fast_rom_symbols_fpu32_coff.lib</file>
         <name>F28004x_FAST_ROM_CPU_out__EST_disableTraj_tmp.obj</name>
      </input_file>
      <input_file id="fl-31">
         <path>C:\ti\c2000\C2000Ware_MotorControl_SDK_5_02_00_00\libraries\observers\fast\lib\f28004x\</path>
         <kind>archive</kind>
         <file>f28004x_fast_rom_symbols_fpu32_coff.lib</file>
         <name>F28004x_FAST_ROM_CPU_out__EST_enable_tmp.obj</name>
      </input_file>
      <input_file id="fl-32">
         <path>C:\ti\c2000\C2000Ware_MotorControl_SDK_5_02_00_00\libraries\observers\fast\lib\f28004x\</path>
         <kind>archive</kind>
         <file>f28004x_fast_rom_symbols_fpu32_coff.lib</file>
         <name>F28004x_FAST_ROM_CPU_out__EST_enableTraj_tmp.obj</name>
      </input_file>
      <input_file id="fl-33">
         <path>C:\ti\c2000\C2000Ware_MotorControl_SDK_5_02_00_00\libraries\observers\fast\lib\f28004x\</path>
         <kind>archive</kind>
         <file>f28004x_fast_rom_symbols_fpu32_coff.lib</file>
         <name>F28004x_FAST_ROM_CPU_out__EST_getFlux_Wb_tmp.obj</name>
      </input_file>
      <input_file id="fl-34">
         <path>C:\ti\c2000\C2000Ware_MotorControl_SDK_5_02_00_00\libraries\observers\fast\lib\f28004x\</path>
         <kind>archive</kind>
         <file>f28004x_fast_rom_symbols_fpu32_coff.lib</file>
         <name>F28004x_FAST_ROM_CPU_out__EST_getFm_lp_Hz_tmp.obj</name>
      </input_file>
      <input_file id="fl-35">
         <path>C:\ti\c2000\C2000Ware_MotorControl_SDK_5_02_00_00\libraries\observers\fast\lib\f28004x\</path>
         <kind>archive</kind>
         <file>f28004x_fast_rom_symbols_fpu32_coff.lib</file>
         <name>F28004x_FAST_ROM_CPU_out__EST_getIdq_A_tmp.obj</name>
      </input_file>
      <input_file id="fl-36">
         <path>C:\ti\c2000\C2000Ware_MotorControl_SDK_5_02_00_00\libraries\observers\fast\lib\f28004x\</path>
         <kind>archive</kind>
         <file>f28004x_fast_rom_symbols_fpu32_coff.lib</file>
         <name>F28004x_FAST_ROM_CPU_out__EST_getIdRated_A_tmp.obj</name>
      </input_file>
      <input_file id="fl-37">
         <path>C:\ti\c2000\C2000Ware_MotorControl_SDK_5_02_00_00\libraries\observers\fast\lib\f28004x\</path>
         <kind>archive</kind>
         <file>f28004x_fast_rom_symbols_fpu32_coff.lib</file>
         <name>F28004x_FAST_ROM_CPU_out__EST_getIntValue_Id_A_tmp.obj</name>
      </input_file>
      <input_file id="fl-38">
         <path>C:\ti\c2000\C2000Ware_MotorControl_SDK_5_02_00_00\libraries\observers\fast\lib\f28004x\</path>
         <kind>archive</kind>
         <file>f28004x_fast_rom_symbols_fpu32_coff.lib</file>
         <name>F28004x_FAST_ROM_CPU_out__EST_getIntValue_spd_Hz_tmp.obj</name>
      </input_file>
      <input_file id="fl-39">
         <path>C:\ti\c2000\C2000Ware_MotorControl_SDK_5_02_00_00\libraries\observers\fast\lib\f28004x\</path>
         <kind>archive</kind>
         <file>f28004x_fast_rom_symbols_fpu32_coff.lib</file>
         <name>F28004x_FAST_ROM_CPU_out__EST_getLs_d_H_tmp.obj</name>
      </input_file>
      <input_file id="fl-3a">
         <path>C:\ti\c2000\C2000Ware_MotorControl_SDK_5_02_00_00\libraries\observers\fast\lib\f28004x\</path>
         <kind>archive</kind>
         <file>f28004x_fast_rom_symbols_fpu32_coff.lib</file>
         <name>F28004x_FAST_ROM_CPU_out__EST_getLs_q_H_tmp.obj</name>
      </input_file>
      <input_file id="fl-3b">
         <path>C:\ti\c2000\C2000Ware_MotorControl_SDK_5_02_00_00\libraries\observers\fast\lib\f28004x\</path>
         <kind>archive</kind>
         <file>f28004x_fast_rom_symbols_fpu32_coff.lib</file>
         <name>F28004x_FAST_ROM_CPU_out__EST_getRoverL_rps_tmp.obj</name>
      </input_file>
      <input_file id="fl-3c">
         <path>C:\ti\c2000\C2000Ware_MotorControl_SDK_5_02_00_00\libraries\observers\fast\lib\f28004x\</path>
         <kind>archive</kind>
         <file>f28004x_fast_rom_symbols_fpu32_coff.lib</file>
         <name>F28004x_FAST_ROM_CPU_out__EST_getRr_Ohm_tmp.obj</name>
      </input_file>
      <input_file id="fl-3d">
         <path>C:\ti\c2000\C2000Ware_MotorControl_SDK_5_02_00_00\libraries\observers\fast\lib\f28004x\</path>
         <kind>archive</kind>
         <file>f28004x_fast_rom_symbols_fpu32_coff.lib</file>
         <name>F28004x_FAST_ROM_CPU_out__EST_getRs_Ohm_tmp.obj</name>
      </input_file>
      <input_file id="fl-3e">
         <path>C:\ti\c2000\C2000Ware_MotorControl_SDK_5_02_00_00\libraries\observers\fast\lib\f28004x\</path>
         <kind>archive</kind>
         <file>f28004x_fast_rom_symbols_fpu32_coff.lib</file>
         <name>F28004x_FAST_ROM_CPU_out__EST_getRsOnLine_Ohm_tmp.obj</name>
      </input_file>
      <input_file id="fl-3f">
         <path>C:\ti\c2000\C2000Ware_MotorControl_SDK_5_02_00_00\libraries\observers\fast\lib\f28004x\</path>
         <kind>archive</kind>
         <file>f28004x_fast_rom_symbols_fpu32_coff.lib</file>
         <name>F28004x_FAST_ROM_CPU_out__EST_getState_tmp.obj</name>
      </input_file>
      <input_file id="fl-40">
         <path>C:\ti\c2000\C2000Ware_MotorControl_SDK_5_02_00_00\libraries\observers\fast\lib\f28004x\</path>
         <kind>archive</kind>
         <file>f28004x_fast_rom_symbols_fpu32_coff.lib</file>
         <name>F28004x_FAST_ROM_CPU_out__EST_getTrajState_tmp.obj</name>
      </input_file>
      <input_file id="fl-41">
         <path>C:\ti\c2000\C2000Ware_MotorControl_SDK_5_02_00_00\libraries\observers\fast\lib\f28004x\</path>
         <kind>archive</kind>
         <file>f28004x_fast_rom_symbols_fpu32_coff.lib</file>
         <name>F28004x_FAST_ROM_CPU_out__EST_initEst_tmp.obj</name>
      </input_file>
      <input_file id="fl-42">
         <path>C:\ti\c2000\C2000Ware_MotorControl_SDK_5_02_00_00\libraries\observers\fast\lib\f28004x\</path>
         <kind>archive</kind>
         <file>f28004x_fast_rom_symbols_fpu32_coff.lib</file>
         <name>F28004x_FAST_ROM_CPU_out__EST_isError_tmp.obj</name>
      </input_file>
      <input_file id="fl-43">
         <path>C:\ti\c2000\C2000Ware_MotorControl_SDK_5_02_00_00\libraries\observers\fast\lib\f28004x\</path>
         <kind>archive</kind>
         <file>f28004x_fast_rom_symbols_fpu32_coff.lib</file>
         <name>F28004x_FAST_ROM_CPU_out__EST_isMotorIdentified_tmp.obj</name>
      </input_file>
      <input_file id="fl-44">
         <path>C:\ti\c2000\C2000Ware_MotorControl_SDK_5_02_00_00\libraries\observers\fast\lib\f28004x\</path>
         <kind>archive</kind>
         <file>f28004x_fast_rom_symbols_fpu32_coff.lib</file>
         <name>F28004x_FAST_ROM_CPU_out__EST_isTrajError_tmp.obj</name>
      </input_file>
      <input_file id="fl-45">
         <path>C:\ti\c2000\C2000Ware_MotorControl_SDK_5_02_00_00\libraries\observers\fast\lib\f28004x\</path>
         <kind>archive</kind>
         <file>f28004x_fast_rom_symbols_fpu32_coff.lib</file>
         <name>F28004x_FAST_ROM_CPU_out__EST_run_tmp.obj</name>
      </input_file>
      <input_file id="fl-46">
         <path>C:\ti\c2000\C2000Ware_MotorControl_SDK_5_02_00_00\libraries\observers\fast\lib\f28004x\</path>
         <kind>archive</kind>
         <file>f28004x_fast_rom_symbols_fpu32_coff.lib</file>
         <name>F28004x_FAST_ROM_CPU_out__EST_setFlag_bypassLockRotor_tmp.obj</name>
      </input_file>
      <input_file id="fl-47">
         <path>C:\ti\c2000\C2000Ware_MotorControl_SDK_5_02_00_00\libraries\observers\fast\lib\f28004x\</path>
         <kind>archive</kind>
         <file>f28004x_fast_rom_symbols_fpu32_coff.lib</file>
         <name>F28004x_FAST_ROM_CPU_out__EST_setFlag_enableForceAngle_tmp.obj</name>
      </input_file>
      <input_file id="fl-48">
         <path>C:\ti\c2000\C2000Ware_MotorControl_SDK_5_02_00_00\libraries\observers\fast\lib\f28004x\</path>
         <kind>archive</kind>
         <file>f28004x_fast_rom_symbols_fpu32_coff.lib</file>
         <name>F28004x_FAST_ROM_CPU_out__EST_setFlag_enablePowerWarp_tmp.obj</name>
      </input_file>
      <input_file id="fl-49">
         <path>C:\ti\c2000\C2000Ware_MotorControl_SDK_5_02_00_00\libraries\observers\fast\lib\f28004x\</path>
         <kind>archive</kind>
         <file>f28004x_fast_rom_symbols_fpu32_coff.lib</file>
         <name>F28004x_FAST_ROM_CPU_out__EST_setFlag_enableRsRecalc_tmp.obj</name>
      </input_file>
      <input_file id="fl-4a">
         <path>C:\ti\c2000\C2000Ware_MotorControl_SDK_5_02_00_00\libraries\observers\fast\lib\f28004x\</path>
         <kind>archive</kind>
         <file>f28004x_fast_rom_symbols_fpu32_coff.lib</file>
         <name>F28004x_FAST_ROM_CPU_out__EST_setIdq_ref_A_tmp.obj</name>
      </input_file>
      <input_file id="fl-4b">
         <path>C:\ti\c2000\C2000Ware_MotorControl_SDK_5_02_00_00\libraries\observers\fast\lib\f28004x\</path>
         <kind>archive</kind>
         <file>f28004x_fast_rom_symbols_fpu32_coff.lib</file>
         <name>F28004x_FAST_ROM_CPU_out__EST_setParams_tmp.obj</name>
      </input_file>
      <input_file id="fl-4c">
         <path>C:\ti\c2000\C2000Ware_MotorControl_SDK_5_02_00_00\libraries\observers\fast\lib\f28004x\</path>
         <kind>archive</kind>
         <file>f28004x_fast_rom_symbols_fpu32_coff.lib</file>
         <name>F28004x_FAST_ROM_CPU_out__EST_updateId_ref_A_tmp.obj</name>
      </input_file>
      <input_file id="fl-4d">
         <path>C:\ti\c2000\C2000Ware_MotorControl_SDK_5_02_00_00\libraries\observers\fast\lib\f28004x\</path>
         <kind>archive</kind>
         <file>f28004x_fast_rom_symbols_fpu32_coff.lib</file>
         <name>F28004x_FAST_ROM_CPU_out__EST_updateState_tmp.obj</name>
      </input_file>
      <input_file id="fl-4e">
         <path>C:\ti\c2000\C2000Ware_MotorControl_SDK_5_02_00_00\libraries\observers\fast\lib\f28004x\</path>
         <kind>archive</kind>
         <file>f28004x_fast_rom_symbols_fpu32_coff.lib</file>
         <name>F28004x_FAST_ROM_CPU_out__EST_updateTrajState_tmp.obj</name>
      </input_file>
      <input_file id="fl-4f">
         <path>C:\ti\c2000\C2000Ware_MotorControl_SDK_5_02_00_00\libraries\observers\fast\lib\f28004x\</path>
         <kind>archive</kind>
         <file>f28004x_fast_rom_symbols_fpu32_coff.lib</file>
         <name>F28004x_FAST_ROM_CPU_out__USER_setParams_priv_tmp.obj</name>
      </input_file>
      <input_file id="fl-53">
         <path>C:\ti\c2000\C2000Ware_MotorControl_SDK_5_02_00_00\libraries\observers\mpid\lib\</path>
         <kind>archive</kind>
         <file>fluxHF_coff.lib</file>
         <name>fluxHF.obj</name>
      </input_file>
      <input_file id="fl-5f">
         <path>C:\ti\ccs1280\ccs\tools\compiler\ti-cgt-c2000_22.6.1.LTS\lib\</path>
         <kind>archive</kind>
         <file>rts2800_fpu32.lib</file>
         <name>boot28.asm.obj</name>
      </input_file>
      <input_file id="fl-60">
         <path>C:\ti\ccs1280\ccs\tools\compiler\ti-cgt-c2000_22.6.1.LTS\lib\</path>
         <kind>archive</kind>
         <file>rts2800_fpu32.lib</file>
         <name>fs_div28.asm.obj</name>
      </input_file>
      <input_file id="fl-61">
         <path>C:\ti\ccs1280\ccs\tools\compiler\ti-cgt-c2000_22.6.1.LTS\lib\</path>
         <kind>archive</kind>
         <file>rts2800_fpu32.lib</file>
         <name>cpy_tbl.c.obj</name>
      </input_file>
      <input_file id="fl-62">
         <path>C:\ti\ccs1280\ccs\tools\compiler\ti-cgt-c2000_22.6.1.LTS\lib\</path>
         <kind>archive</kind>
         <file>rts2800_fpu32.lib</file>
         <name>memcpy.c.obj</name>
      </input_file>
      <input_file id="fl-63">
         <path>C:\ti\ccs1280\ccs\tools\compiler\ti-cgt-c2000_22.6.1.LTS\lib\</path>
         <kind>archive</kind>
         <file>rts2800_fpu32.lib</file>
         <name>pre_init.c.obj</name>
      </input_file>
      <input_file id="fl-64">
         <path>C:\ti\ccs1280\ccs\tools\compiler\ti-cgt-c2000_22.6.1.LTS\lib\</path>
         <kind>archive</kind>
         <file>rts2800_fpu32.lib</file>
         <name>startup.c.obj</name>
      </input_file>
      <input_file id="fl-65">
         <path>C:\ti\ccs1280\ccs\tools\compiler\ti-cgt-c2000_22.6.1.LTS\lib\</path>
         <kind>archive</kind>
         <file>rts2800_fpu32.lib</file>
         <name>exit.c.obj</name>
      </input_file>
      <input_file id="fl-66">
         <path>C:\ti\ccs1280\ccs\tools\compiler\ti-cgt-c2000_22.6.1.LTS\lib\</path>
         <kind>archive</kind>
         <file>rts2800_fpu32.lib</file>
         <name>_lock.c.obj</name>
      </input_file>
      <input_file id="fl-67">
         <path>C:\ti\ccs1280\ccs\tools\compiler\ti-cgt-c2000_22.6.1.LTS\lib\</path>
         <kind>archive</kind>
         <file>rts2800_fpu32.lib</file>
         <name>args_main.c.obj</name>
      </input_file>
      <input_file id="fl-68">
         <path>C:\ti\c2000\C2000Ware_MotorControl_SDK_5_02_00_00\libraries\observers\fast\lib\f28004x\</path>
         <kind>archive</kind>
         <file>f28004x_fast_rom_symbols_fpu32_coff.lib</file>
         <name>F28004x_FAST_ROM_CPU_out__EST_setFreqBeta_lp_tmp.obj</name>
      </input_file>
   </input_file_list>
   <object_component_list>
      <object_component id="oc-157">
         <name>PieVectTableFile</name>
         <uninitialized>true</uninitialized>
         <run_address>0xd00</run_address>
         <size>0x1c0</size>
         <input_file_ref idref="fl-6"/>
      </object_component>
      <object_component id="oc-12a">
         <name>AccessProtectionRegsFile</name>
         <uninitialized>true</uninitialized>
         <run_address>0x5f4c0</run_address>
         <size>0x2e</size>
         <input_file_ref idref="fl-6"/>
      </object_component>
      <object_component id="oc-13f">
         <name>AdcaRegsFile</name>
         <uninitialized>true</uninitialized>
         <run_address>0x7400</run_address>
         <size>0x76</size>
         <input_file_ref idref="fl-6"/>
      </object_component>
      <object_component id="oc-140">
         <name>AdcbRegsFile</name>
         <uninitialized>true</uninitialized>
         <run_address>0x7480</run_address>
         <size>0x76</size>
         <input_file_ref idref="fl-6"/>
      </object_component>
      <object_component id="oc-141">
         <name>AdccRegsFile</name>
         <uninitialized>true</uninitialized>
         <run_address>0x7500</run_address>
         <size>0x76</size>
         <input_file_ref idref="fl-6"/>
      </object_component>
      <object_component id="oc-10c">
         <name>AdcaResultRegsFile</name>
         <uninitialized>true</uninitialized>
         <run_address>0xb00</run_address>
         <size>0x18</size>
         <input_file_ref idref="fl-6"/>
      </object_component>
      <object_component id="oc-10d">
         <name>AdcbResultRegsFile</name>
         <uninitialized>true</uninitialized>
         <run_address>0xb20</run_address>
         <size>0x18</size>
         <input_file_ref idref="fl-6"/>
      </object_component>
      <object_component id="oc-10e">
         <name>AdccResultRegsFile</name>
         <uninitialized>true</uninitialized>
         <run_address>0xb40</run_address>
         <size>0x18</size>
         <input_file_ref idref="fl-6"/>
      </object_component>
      <object_component id="oc-144">
         <name>AnalogSubsysRegsFile</name>
         <uninitialized>true</uninitialized>
         <run_address>0x5d700</run_address>
         <size>0x90</size>
         <input_file_ref idref="fl-6"/>
      </object_component>
      <object_component id="oc-154">
         <name>CanaRegsFile</name>
         <uninitialized>true</uninitialized>
         <run_address>0x48000</run_address>
         <size>0x164</size>
         <input_file_ref idref="fl-6"/>
      </object_component>
      <object_component id="oc-155">
         <name>CanbRegsFile</name>
         <uninitialized>true</uninitialized>
         <run_address>0x4a000</run_address>
         <size>0x164</size>
         <input_file_ref idref="fl-6"/>
      </object_component>
      <object_component id="oc-120">
         <name>ClaPromCrc0RegsFile</name>
         <uninitialized>true</uninitialized>
         <run_address>0x61c0</run_address>
         <size>0x20</size>
         <input_file_ref idref="fl-6"/>
      </object_component>
      <object_component id="oc-137">
         <name>Cla1RegsFile</name>
         <uninitialized>true</uninitialized>
         <run_address>0x1400</run_address>
         <size>0x48</size>
         <input_file_ref idref="fl-6"/>
      </object_component>
      <object_component id="oc-14f">
         <name>Clb1DataExchRegsFile</name>
         <uninitialized>true</uninitialized>
         <run_address>0x3200</run_address>
         <size>0x108</size>
         <input_file_ref idref="fl-6"/>
      </object_component>
      <object_component id="oc-150">
         <name>Clb2DataExchRegsFile</name>
         <uninitialized>true</uninitialized>
         <run_address>0x3600</run_address>
         <size>0x108</size>
         <input_file_ref idref="fl-6"/>
      </object_component>
      <object_component id="oc-151">
         <name>Clb3DataExchRegsFile</name>
         <uninitialized>true</uninitialized>
         <run_address>0x3a00</run_address>
         <size>0x108</size>
         <input_file_ref idref="fl-6"/>
      </object_component>
      <object_component id="oc-152">
         <name>Clb4DataExchRegsFile</name>
         <uninitialized>true</uninitialized>
         <run_address>0x3e00</run_address>
         <size>0x108</size>
         <input_file_ref idref="fl-6"/>
      </object_component>
      <object_component id="oc-138">
         <name>Clb1LogicCfgRegsFile</name>
         <uninitialized>true</uninitialized>
         <run_address>0x3000</run_address>
         <size>0x50</size>
         <input_file_ref idref="fl-6"/>
      </object_component>
      <object_component id="oc-139">
         <name>Clb2LogicCfgRegsFile</name>
         <uninitialized>true</uninitialized>
         <run_address>0x3400</run_address>
         <size>0x50</size>
         <input_file_ref idref="fl-6"/>
      </object_component>
      <object_component id="oc-13a">
         <name>Clb3LogicCfgRegsFile</name>
         <uninitialized>true</uninitialized>
         <run_address>0x3800</run_address>
         <size>0x50</size>
         <input_file_ref idref="fl-6"/>
      </object_component>
      <object_component id="oc-13b">
         <name>Clb4LogicCfgRegsFile</name>
         <uninitialized>true</uninitialized>
         <run_address>0x3c00</run_address>
         <size>0x50</size>
         <input_file_ref idref="fl-6"/>
      </object_component>
      <object_component id="oc-130">
         <name>Clb1LogicCtrlRegsFile</name>
         <uninitialized>true</uninitialized>
         <run_address>0x3100</run_address>
         <size>0x40</size>
         <input_file_ref idref="fl-6"/>
      </object_component>
      <object_component id="oc-131">
         <name>Clb2LogicCtrlRegsFile</name>
         <uninitialized>true</uninitialized>
         <run_address>0x3500</run_address>
         <size>0x40</size>
         <input_file_ref idref="fl-6"/>
      </object_component>
      <object_component id="oc-132">
         <name>Clb3LogicCtrlRegsFile</name>
         <uninitialized>true</uninitialized>
         <run_address>0x3900</run_address>
         <size>0x40</size>
         <input_file_ref idref="fl-6"/>
      </object_component>
      <object_component id="oc-133">
         <name>Clb4LogicCtrlRegsFile</name>
         <uninitialized>true</uninitialized>
         <run_address>0x3d00</run_address>
         <size>0x40</size>
         <input_file_ref idref="fl-6"/>
      </object_component>
      <object_component id="oc-134">
         <name>CLBXbarRegsFile</name>
         <uninitialized>true</uninitialized>
         <run_address>0x7a40</run_address>
         <size>0x40</size>
         <input_file_ref idref="fl-6"/>
      </object_component>
      <object_component id="oc-12b">
         <name>ClkCfgRegsFile</name>
         <uninitialized>true</uninitialized>
         <run_address>0x5d200</run_address>
         <size>0x34</size>
         <input_file_ref idref="fl-6"/>
      </object_component>
      <object_component id="oc-118">
         <name>Cmpss1RegsFile</name>
         <uninitialized>true</uninitialized>
         <run_address>0x5c80</run_address>
         <size>0x1b</size>
         <input_file_ref idref="fl-6"/>
      </object_component>
      <object_component id="oc-119">
         <name>Cmpss2RegsFile</name>
         <uninitialized>true</uninitialized>
         <run_address>0x5ca0</run_address>
         <size>0x1b</size>
         <input_file_ref idref="fl-6"/>
      </object_component>
      <object_component id="oc-11a">
         <name>Cmpss3RegsFile</name>
         <uninitialized>true</uninitialized>
         <run_address>0x5cc0</run_address>
         <size>0x1b</size>
         <input_file_ref idref="fl-6"/>
      </object_component>
      <object_component id="oc-11b">
         <name>Cmpss4RegsFile</name>
         <uninitialized>true</uninitialized>
         <run_address>0x5ce0</run_address>
         <size>0x1b</size>
         <input_file_ref idref="fl-6"/>
      </object_component>
      <object_component id="oc-11c">
         <name>Cmpss5RegsFile</name>
         <uninitialized>true</uninitialized>
         <run_address>0x5d00</run_address>
         <size>0x1b</size>
         <input_file_ref idref="fl-6"/>
      </object_component>
      <object_component id="oc-11d">
         <name>Cmpss6RegsFile</name>
         <uninitialized>true</uninitialized>
         <run_address>0x5d20</run_address>
         <size>0x1b</size>
         <input_file_ref idref="fl-6"/>
      </object_component>
      <object_component id="oc-11e">
         <name>Cmpss7RegsFile</name>
         <uninitialized>true</uninitialized>
         <run_address>0x5d40</run_address>
         <size>0x1b</size>
         <input_file_ref idref="fl-6"/>
      </object_component>
      <object_component id="oc-eb">
         <name>CpuTimer0RegsFile</name>
         <uninitialized>true</uninitialized>
         <run_address>0xc00</run_address>
         <size>0x8</size>
         <input_file_ref idref="fl-6"/>
      </object_component>
      <object_component id="oc-ec">
         <name>CpuTimer1RegsFile</name>
         <uninitialized>true</uninitialized>
         <run_address>0xc08</run_address>
         <size>0x8</size>
         <input_file_ref idref="fl-6"/>
      </object_component>
      <object_component id="oc-ed">
         <name>CpuTimer2RegsFile</name>
         <uninitialized>true</uninitialized>
         <run_address>0xc10</run_address>
         <size>0x8</size>
         <input_file_ref idref="fl-6"/>
      </object_component>
      <object_component id="oc-143">
         <name>CpuSysRegsFile</name>
         <uninitialized>true</uninitialized>
         <run_address>0x5d300</run_address>
         <size>0x82</size>
         <input_file_ref idref="fl-6"/>
      </object_component>
      <object_component id="oc-e8">
         <name>DacaRegsFile</name>
         <uninitialized>true</uninitialized>
         <run_address>0x5c00</run_address>
         <size>0x7</size>
         <input_file_ref idref="fl-6"/>
      </object_component>
      <object_component id="oc-e9">
         <name>DacbRegsFile</name>
         <uninitialized>true</uninitialized>
         <run_address>0x5c10</run_address>
         <size>0x7</size>
         <input_file_ref idref="fl-6"/>
      </object_component>
      <object_component id="oc-129">
         <name>Dcc0RegsFile</name>
         <uninitialized>true</uninitialized>
         <run_address>0x5e700</run_address>
         <size>0x2c</size>
         <input_file_ref idref="fl-6"/>
      </object_component>
      <object_component id="oc-124">
         <name>DcsmBank0Z1RegsFile</name>
         <uninitialized>true</uninitialized>
         <run_address>0x5f000</run_address>
         <size>0x22</size>
         <input_file_ref idref="fl-6"/>
      </object_component>
      <object_component id="oc-125">
         <name>DcsmBank0Z2RegsFile</name>
         <uninitialized>true</uninitialized>
         <run_address>0x5f040</run_address>
         <size>0x22</size>
         <input_file_ref idref="fl-6"/>
      </object_component>
      <object_component id="oc-121">
         <name>DcsmBank1Z1RegsFile</name>
         <uninitialized>true</uninitialized>
         <run_address>0x5f100</run_address>
         <size>0x20</size>
         <input_file_ref idref="fl-6"/>
      </object_component>
      <object_component id="oc-122">
         <name>DcsmBank1Z2RegsFile</name>
         <uninitialized>true</uninitialized>
         <run_address>0x5f140</run_address>
         <size>0x20</size>
         <input_file_ref idref="fl-6"/>
      </object_component>
      <object_component id="oc-103">
         <name>DcsmCommonRegsFile</name>
         <uninitialized>true</uninitialized>
         <run_address>0x5f070</run_address>
         <size>0x10</size>
         <input_file_ref idref="fl-6"/>
      </object_component>
      <object_component id="oc-153">
         <name>DevCfgRegsFile</name>
         <uninitialized>true</uninitialized>
         <run_address>0x5d000</run_address>
         <size>0x132</size>
         <input_file_ref idref="fl-6"/>
      </object_component>
      <object_component id="oc-10f">
         <name>DmaClaSrcSelRegsFile</name>
         <uninitialized>true</uninitialized>
         <run_address>0x7980</run_address>
         <size>0x1a</size>
         <input_file_ref idref="fl-6"/>
      </object_component>
      <object_component id="oc-145">
         <name>DmaRegsFile</name>
         <uninitialized>true</uninitialized>
         <run_address>0x1000</run_address>
         <size>0xe0</size>
         <input_file_ref idref="fl-6"/>
      </object_component>
      <object_component id="oc-110">
         <name>ECap1RegsFile</name>
         <uninitialized>true</uninitialized>
         <run_address>0x5200</run_address>
         <size>0x1a</size>
         <input_file_ref idref="fl-6"/>
      </object_component>
      <object_component id="oc-111">
         <name>ECap2RegsFile</name>
         <uninitialized>true</uninitialized>
         <run_address>0x5240</run_address>
         <size>0x1a</size>
         <input_file_ref idref="fl-6"/>
      </object_component>
      <object_component id="oc-112">
         <name>ECap3RegsFile</name>
         <uninitialized>true</uninitialized>
         <run_address>0x5280</run_address>
         <size>0x1a</size>
         <input_file_ref idref="fl-6"/>
      </object_component>
      <object_component id="oc-113">
         <name>ECap4RegsFile</name>
         <uninitialized>true</uninitialized>
         <run_address>0x52c0</run_address>
         <size>0x1a</size>
         <input_file_ref idref="fl-6"/>
      </object_component>
      <object_component id="oc-114">
         <name>ECap5RegsFile</name>
         <uninitialized>true</uninitialized>
         <run_address>0x5300</run_address>
         <size>0x1a</size>
         <input_file_ref idref="fl-6"/>
      </object_component>
      <object_component id="oc-115">
         <name>ECap6RegsFile</name>
         <uninitialized>true</uninitialized>
         <run_address>0x5340</run_address>
         <size>0x1a</size>
         <input_file_ref idref="fl-6"/>
      </object_component>
      <object_component id="oc-116">
         <name>ECap7RegsFile</name>
         <uninitialized>true</uninitialized>
         <run_address>0x5380</run_address>
         <size>0x1a</size>
         <input_file_ref idref="fl-6"/>
      </object_component>
      <object_component id="oc-147">
         <name>EPwm1RegsFile</name>
         <uninitialized>true</uninitialized>
         <run_address>0x4000</run_address>
         <size>0x100</size>
         <input_file_ref idref="fl-6"/>
      </object_component>
      <object_component id="oc-148">
         <name>EPwm2RegsFile</name>
         <uninitialized>true</uninitialized>
         <run_address>0x4100</run_address>
         <size>0x100</size>
         <input_file_ref idref="fl-6"/>
      </object_component>
      <object_component id="oc-149">
         <name>EPwm3RegsFile</name>
         <uninitialized>true</uninitialized>
         <run_address>0x4200</run_address>
         <size>0x100</size>
         <input_file_ref idref="fl-6"/>
      </object_component>
      <object_component id="oc-14a">
         <name>EPwm4RegsFile</name>
         <uninitialized>true</uninitialized>
         <run_address>0x4300</run_address>
         <size>0x100</size>
         <input_file_ref idref="fl-6"/>
      </object_component>
      <object_component id="oc-14b">
         <name>EPwm5RegsFile</name>
         <uninitialized>true</uninitialized>
         <run_address>0x4400</run_address>
         <size>0x100</size>
         <input_file_ref idref="fl-6"/>
      </object_component>
      <object_component id="oc-14c">
         <name>EPwm6RegsFile</name>
         <uninitialized>true</uninitialized>
         <run_address>0x4500</run_address>
         <size>0x100</size>
         <input_file_ref idref="fl-6"/>
      </object_component>
      <object_component id="oc-14d">
         <name>EPwm7RegsFile</name>
         <uninitialized>true</uninitialized>
         <run_address>0x4600</run_address>
         <size>0x100</size>
         <input_file_ref idref="fl-6"/>
      </object_component>
      <object_component id="oc-14e">
         <name>EPwm8RegsFile</name>
         <uninitialized>true</uninitialized>
         <run_address>0x4700</run_address>
         <size>0x100</size>
         <input_file_ref idref="fl-6"/>
      </object_component>
      <object_component id="oc-135">
         <name>EPwmXbarRegsFile</name>
         <uninitialized>true</uninitialized>
         <run_address>0x7a00</run_address>
         <size>0x40</size>
         <input_file_ref idref="fl-6"/>
      </object_component>
      <object_component id="oc-12c">
         <name>EQep1RegsFile</name>
         <uninitialized>true</uninitialized>
         <run_address>0x5100</run_address>
         <size>0x36</size>
         <input_file_ref idref="fl-6"/>
      </object_component>
      <object_component id="oc-12d">
         <name>EQep2RegsFile</name>
         <uninitialized>true</uninitialized>
         <run_address>0x5140</run_address>
         <size>0x36</size>
         <input_file_ref idref="fl-6"/>
      </object_component>
      <object_component id="oc-f6">
         <name>EradCounter1RegsFile</name>
         <uninitialized>true</uninitialized>
         <run_address>0x5e980</run_address>
         <size>0xa</size>
         <input_file_ref idref="fl-6"/>
      </object_component>
      <object_component id="oc-f7">
         <name>EradCounter2RegsFile</name>
         <uninitialized>true</uninitialized>
         <run_address>0x5e990</run_address>
         <size>0xa</size>
         <input_file_ref idref="fl-6"/>
      </object_component>
      <object_component id="oc-f8">
         <name>EradCounter3RegsFile</name>
         <uninitialized>true</uninitialized>
         <run_address>0x5e9a0</run_address>
         <size>0xa</size>
         <input_file_ref idref="fl-6"/>
      </object_component>
      <object_component id="oc-f9">
         <name>EradCounter4RegsFile</name>
         <uninitialized>true</uninitialized>
         <run_address>0x5e9b0</run_address>
         <size>0xa</size>
         <input_file_ref idref="fl-6"/>
      </object_component>
      <object_component id="oc-101">
         <name>EradGlobalRegsFile</name>
         <uninitialized>true</uninitialized>
         <run_address>0x5e800</run_address>
         <size>0xb</size>
         <input_file_ref idref="fl-6"/>
      </object_component>
      <object_component id="oc-ee">
         <name>EradHWBP1RegsFile</name>
         <uninitialized>true</uninitialized>
         <run_address>0x5e900</run_address>
         <size>0x8</size>
         <input_file_ref idref="fl-6"/>
      </object_component>
      <object_component id="oc-ef">
         <name>EradHWBP2RegsFile</name>
         <uninitialized>true</uninitialized>
         <run_address>0x5e908</run_address>
         <size>0x8</size>
         <input_file_ref idref="fl-6"/>
      </object_component>
      <object_component id="oc-f0">
         <name>EradHWBP3RegsFile</name>
         <uninitialized>true</uninitialized>
         <run_address>0x5e910</run_address>
         <size>0x8</size>
         <input_file_ref idref="fl-6"/>
      </object_component>
      <object_component id="oc-f1">
         <name>EradHWBP4RegsFile</name>
         <uninitialized>true</uninitialized>
         <run_address>0x5e918</run_address>
         <size>0x8</size>
         <input_file_ref idref="fl-6"/>
      </object_component>
      <object_component id="oc-f2">
         <name>EradHWBP5RegsFile</name>
         <uninitialized>true</uninitialized>
         <run_address>0x5e920</run_address>
         <size>0x8</size>
         <input_file_ref idref="fl-6"/>
      </object_component>
      <object_component id="oc-f3">
         <name>EradHWBP6RegsFile</name>
         <uninitialized>true</uninitialized>
         <run_address>0x5e928</run_address>
         <size>0x8</size>
         <input_file_ref idref="fl-6"/>
      </object_component>
      <object_component id="oc-f4">
         <name>EradHWBP7RegsFile</name>
         <uninitialized>true</uninitialized>
         <run_address>0x5e930</run_address>
         <size>0x8</size>
         <input_file_ref idref="fl-6"/>
      </object_component>
      <object_component id="oc-f5">
         <name>EradHWBP8RegsFile</name>
         <uninitialized>true</uninitialized>
         <run_address>0x5e938</run_address>
         <size>0x8</size>
         <input_file_ref idref="fl-6"/>
      </object_component>
      <object_component id="oc-156">
         <name>Flash0CtrlRegsFile</name>
         <uninitialized>true</uninitialized>
         <run_address>0x5f800</run_address>
         <size>0x182</size>
         <input_file_ref idref="fl-6"/>
      </object_component>
      <object_component id="oc-127">
         <name>Flash0EccRegsFile</name>
         <uninitialized>true</uninitialized>
         <run_address>0x5fb00</run_address>
         <size>0x28</size>
         <input_file_ref idref="fl-6"/>
      </object_component>
      <object_component id="oc-13c">
         <name>FsiRxaRegsFile</name>
         <uninitialized>true</uninitialized>
         <run_address>0x6680</run_address>
         <size>0x50</size>
         <input_file_ref idref="fl-6"/>
      </object_component>
      <object_component id="oc-13d">
         <name>FsiTxaRegsFile</name>
         <uninitialized>true</uninitialized>
         <run_address>0x6600</run_address>
         <size>0x50</size>
         <input_file_ref idref="fl-6"/>
      </object_component>
      <object_component id="oc-158">
         <name>GpioCtrlRegsFile</name>
         <uninitialized>true</uninitialized>
         <run_address>0x7c00</run_address>
         <size>0x200</size>
         <input_file_ref idref="fl-6"/>
      </object_component>
      <object_component id="oc-12e">
         <name>GpioDataRegsFile</name>
         <uninitialized>true</uninitialized>
         <run_address>0x7f00</run_address>
         <size>0x3a</size>
         <input_file_ref idref="fl-6"/>
      </object_component>
      <object_component id="oc-10a">
         <name>HRCap6RegsFile</name>
         <uninitialized>true</uninitialized>
         <run_address>0x5360</run_address>
         <size>0x16</size>
         <input_file_ref idref="fl-6"/>
      </object_component>
      <object_component id="oc-10b">
         <name>HRCap7RegsFile</name>
         <uninitialized>true</uninitialized>
         <run_address>0x53a0</run_address>
         <size>0x16</size>
         <input_file_ref idref="fl-6"/>
      </object_component>
      <object_component id="oc-126">
         <name>I2caRegsFile</name>
         <uninitialized>true</uninitialized>
         <run_address>0x7300</run_address>
         <size>0x22</size>
         <input_file_ref idref="fl-6"/>
      </object_component>
      <object_component id="oc-123">
         <name>InputXbarRegsFile</name>
         <uninitialized>true</uninitialized>
         <run_address>0x7900</run_address>
         <size>0x20</size>
         <input_file_ref idref="fl-6"/>
      </object_component>
      <object_component id="oc-146">
         <name>LinaRegsFile</name>
         <uninitialized>true</uninitialized>
         <run_address>0x6a00</run_address>
         <size>0xec</size>
         <input_file_ref idref="fl-6"/>
      </object_component>
      <object_component id="oc-12f">
         <name>MemoryErrorRegsFile</name>
         <uninitialized>true</uninitialized>
         <run_address>0x5f500</run_address>
         <size>0x3a</size>
         <input_file_ref idref="fl-6"/>
      </object_component>
      <object_component id="oc-142">
         <name>MemCfgRegsFile</name>
         <uninitialized>true</uninitialized>
         <run_address>0x5f400</run_address>
         <size>0x76</size>
         <input_file_ref idref="fl-6"/>
      </object_component>
      <object_component id="oc-ea">
         <name>NmiIntruptRegsFile</name>
         <uninitialized>true</uninitialized>
         <run_address>0x7060</run_address>
         <size>0x7</size>
         <input_file_ref idref="fl-6"/>
      </object_component>
      <object_component id="oc-136">
         <name>OutputXbarRegsFile</name>
         <uninitialized>true</uninitialized>
         <run_address>0x7a80</run_address>
         <size>0x40</size>
         <input_file_ref idref="fl-6"/>
      </object_component>
      <object_component id="oc-159">
         <name>SysPeriphAcRegsFile</name>
         <uninitialized>true</uninitialized>
         <run_address>0x5d500</run_address>
         <size>0x200</size>
         <input_file_ref idref="fl-6"/>
      </object_component>
      <object_component id="oc-fa">
         <name>Pga1RegsFile</name>
         <uninitialized>true</uninitialized>
         <run_address>0x5b00</run_address>
         <size>0xa</size>
         <input_file_ref idref="fl-6"/>
      </object_component>
      <object_component id="oc-fb">
         <name>Pga2RegsFile</name>
         <uninitialized>true</uninitialized>
         <run_address>0x5b10</run_address>
         <size>0xa</size>
         <input_file_ref idref="fl-6"/>
      </object_component>
      <object_component id="oc-fc">
         <name>Pga3RegsFile</name>
         <uninitialized>true</uninitialized>
         <run_address>0x5b20</run_address>
         <size>0xa</size>
         <input_file_ref idref="fl-6"/>
      </object_component>
      <object_component id="oc-fd">
         <name>Pga4RegsFile</name>
         <uninitialized>true</uninitialized>
         <run_address>0x5b30</run_address>
         <size>0xa</size>
         <input_file_ref idref="fl-6"/>
      </object_component>
      <object_component id="oc-fe">
         <name>Pga5RegsFile</name>
         <uninitialized>true</uninitialized>
         <run_address>0x5b40</run_address>
         <size>0xa</size>
         <input_file_ref idref="fl-6"/>
      </object_component>
      <object_component id="oc-ff">
         <name>Pga6RegsFile</name>
         <uninitialized>true</uninitialized>
         <run_address>0x5b50</run_address>
         <size>0xa</size>
         <input_file_ref idref="fl-6"/>
      </object_component>
      <object_component id="oc-100">
         <name>Pga7RegsFile</name>
         <uninitialized>true</uninitialized>
         <run_address>0x5b60</run_address>
         <size>0xa</size>
         <input_file_ref idref="fl-6"/>
      </object_component>
      <object_component id="oc-117">
         <name>PieCtrlRegsFile</name>
         <uninitialized>true</uninitialized>
         <run_address>0xce0</run_address>
         <size>0x1a</size>
         <input_file_ref idref="fl-6"/>
      </object_component>
      <object_component id="oc-11f">
         <name>PmbusaRegsFile</name>
         <uninitialized>true</uninitialized>
         <run_address>0x6400</run_address>
         <size>0x1e</size>
         <input_file_ref idref="fl-6"/>
      </object_component>
      <object_component id="oc-104">
         <name>SciaRegsFile</name>
         <uninitialized>true</uninitialized>
         <run_address>0x7200</run_address>
         <size>0x10</size>
         <input_file_ref idref="fl-6"/>
      </object_component>
      <object_component id="oc-105">
         <name>ScibRegsFile</name>
         <uninitialized>true</uninitialized>
         <run_address>0x7210</run_address>
         <size>0x10</size>
         <input_file_ref idref="fl-6"/>
      </object_component>
      <object_component id="oc-13e">
         <name>Sdfm1RegsFile</name>
         <uninitialized>true</uninitialized>
         <run_address>0x5e00</run_address>
         <size>0x50</size>
         <input_file_ref idref="fl-6"/>
      </object_component>
      <object_component id="oc-106">
         <name>SpiaRegsFile</name>
         <uninitialized>true</uninitialized>
         <run_address>0x6100</run_address>
         <size>0x10</size>
         <input_file_ref idref="fl-6"/>
      </object_component>
      <object_component id="oc-107">
         <name>SpibRegsFile</name>
         <uninitialized>true</uninitialized>
         <run_address>0x6110</run_address>
         <size>0x10</size>
         <input_file_ref idref="fl-6"/>
      </object_component>
      <object_component id="oc-e7">
         <name>SyncSocRegsFile</name>
         <uninitialized>true</uninitialized>
         <run_address>0x7940</run_address>
         <size>0x6</size>
         <input_file_ref idref="fl-6"/>
      </object_component>
      <object_component id="oc-108">
         <name>UidRegsFile</name>
         <uninitialized>true</uninitialized>
         <run_address>0x703cc</run_address>
         <size>0x10</size>
         <input_file_ref idref="fl-6"/>
      </object_component>
      <object_component id="oc-128">
         <name>WdRegsFile</name>
         <uninitialized>true</uninitialized>
         <run_address>0x7000</run_address>
         <size>0x2b</size>
         <input_file_ref idref="fl-6"/>
      </object_component>
      <object_component id="oc-109">
         <name>XbarRegsFile</name>
         <uninitialized>true</uninitialized>
         <run_address>0x7920</run_address>
         <size>0x10</size>
         <input_file_ref idref="fl-6"/>
      </object_component>
      <object_component id="oc-102">
         <name>XintRegsFile</name>
         <uninitialized>true</uninitialized>
         <run_address>0x7070</run_address>
         <size>0xb</size>
         <input_file_ref idref="fl-6"/>
      </object_component>
      <object_component id="oc-a9">
         <name>codestart</name>
         <load_address>0x0</load_address>
         <run_address>0x0</run_address>
         <size>0x2</size>
         <input_file_ref idref="fl-5"/>
      </object_component>
      <object_component id="oc-d2">
         <name>.TI.ramfunc:_mainISR</name>
         <load_address>0xa000</load_address>
         <run_address>0xa000</run_address>
         <size>0x636</size>
         <input_file_ref idref="fl-2"/>
      </object_component>
      <object_component id="oc-1cf">
         <name>.TI.ramfunc</name>
         <load_address>0xa636</load_address>
         <run_address>0xa636</run_address>
         <size>0x4</size>
         <input_file_ref idref="fl-28"/>
      </object_component>
      <object_component id="oc-214">
         <name>.text:_main</name>
         <load_address>0xe000</load_address>
         <run_address>0xe000</run_address>
         <size>0x6ad</size>
         <input_file_ref idref="fl-2"/>
      </object_component>
      <object_component id="oc-238">
         <name>.text:_HAL_setupGPIOs</name>
         <load_address>0xe6ad</load_address>
         <run_address>0xe6ad</run_address>
         <size>0x3d9</size>
         <input_file_ref idref="fl-4"/>
      </object_component>
      <object_component id="oc-217">
         <name>.text:_USER_setParams</name>
         <load_address>0xea86</load_address>
         <run_address>0xea86</run_address>
         <size>0x287</size>
         <input_file_ref idref="fl-8"/>
      </object_component>
      <object_component id="oc-23d">
         <name>.text:_HAL_setupPWMs</name>
         <load_address>0xed0d</load_address>
         <run_address>0xed0d</run_address>
         <size>0x18d</size>
         <input_file_ref idref="fl-4"/>
      </object_component>
      <object_component id="oc-22d">
         <name>.text:_runMotorCtrl</name>
         <load_address>0xee9a</load_address>
         <run_address>0xee9a</run_address>
         <size>0x182</size>
         <input_file_ref idref="fl-2"/>
      </object_component>
      <object_component id="oc-20a">
         <name>.text:_runOffsetsCalculation</name>
         <load_address>0xf01c</load_address>
         <run_address>0xf01c</run_address>
         <size>0x104</size>
         <input_file_ref idref="fl-2"/>
      </object_component>
      <object_component id="oc-24b">
         <name>.text:_DRV8320_readData</name>
         <load_address>0xf120</load_address>
         <run_address>0xf120</run_address>
         <size>0xf0</size>
         <input_file_ref idref="fl-3"/>
      </object_component>
      <object_component id="oc-248">
         <name>.text:_DRV8320_setupSPI</name>
         <load_address>0xf210</load_address>
         <run_address>0xf210</run_address>
         <size>0xee</size>
         <input_file_ref idref="fl-3"/>
      </object_component>
      <object_component id="oc-239">
         <name>.text:_HAL_setupADCs</name>
         <load_address>0xf2fe</load_address>
         <run_address>0xf2fe</run_address>
         <size>0xe9</size>
         <input_file_ref idref="fl-4"/>
      </object_component>
      <object_component id="oc-237">
         <name>.text:_HAL_setupPeripheralClks</name>
         <load_address>0xf3e7</load_address>
         <run_address>0xf3e7</run_address>
         <size>0xd6</size>
         <input_file_ref idref="fl-4"/>
      </object_component>
      <object_component id="oc-24e">
         <name>.text:_SysCtl_isPLLValid</name>
         <load_address>0xf4bd</load_address>
         <run_address>0xf4bd</run_address>
         <size>0xb7</size>
         <input_file_ref idref="fl-28"/>
      </object_component>
      <object_component id="oc-235">
         <name>.text:_SysCtl_setClock</name>
         <load_address>0xf574</load_address>
         <run_address>0xf574</run_address>
         <size>0xb3</size>
         <input_file_ref idref="fl-28"/>
      </object_component>
      <object_component id="oc-23c">
         <name>.text:_HAL_setupCMPSSs</name>
         <load_address>0xf627</load_address>
         <run_address>0xf627</run_address>
         <size>0xac</size>
         <input_file_ref idref="fl-4"/>
      </object_component>
      <object_component id="oc-218">
         <name>.text:_HAL_init</name>
         <load_address>0xf6d3</load_address>
         <run_address>0xf6d3</run_address>
         <size>0xa0</size>
         <input_file_ref idref="fl-4"/>
      </object_component>
      <object_component id="oc-246">
         <name>.text:_DMA_configMode</name>
         <load_address>0xf773</load_address>
         <run_address>0xf773</run_address>
         <size>0x8d</size>
         <input_file_ref idref="fl-22"/>
      </object_component>
      <object_component id="oc-1e0">
         <name>.text</name>
         <load_address>0xf800</load_address>
         <run_address>0xf800</run_address>
         <size>0x88</size>
         <input_file_ref idref="fl-60"/>
      </object_component>
      <object_component id="oc-24a">
         <name>.text:_DRV8320_writeData</name>
         <load_address>0xf888</load_address>
         <run_address>0xf888</run_address>
         <size>0x7c</size>
         <input_file_ref idref="fl-3"/>
      </object_component>
      <object_component id="oc-219">
         <name>.text:_HAL_setParams</name>
         <load_address>0xf904</load_address>
         <run_address>0xf904</run_address>
         <size>0x6b</size>
         <input_file_ref idref="fl-4"/>
      </object_component>
      <object_component id="oc-1d9">
         <name>.text</name>
         <load_address>0xf96f</load_address>
         <run_address>0xf96f</run_address>
         <size>0x56</size>
         <input_file_ref idref="fl-5f"/>
      </object_component>
      <object_component id="oc-23f">
         <name>.text:_HAL_setupSCIA</name>
         <load_address>0xf9c5</load_address>
         <run_address>0xf9c5</run_address>
         <size>0x52</size>
         <input_file_ref idref="fl-4"/>
      </object_component>
      <object_component id="oc-240">
         <name>.text:_HAL_setupSPIA</name>
         <load_address>0xfa17</load_address>
         <run_address>0xfa17</run_address>
         <size>0x44</size>
         <input_file_ref idref="fl-4"/>
      </object_component>
      <object_component id="oc-241">
         <name>.text:_HAL_setupSPIB</name>
         <load_address>0xfa5b</load_address>
         <run_address>0xfa5b</run_address>
         <size>0x44</size>
         <input_file_ref idref="fl-4"/>
      </object_component>
      <object_component id="oc-233">
         <name>.text:_Interrupt_initModule</name>
         <load_address>0xfa9f</load_address>
         <run_address>0xfa9f</run_address>
         <size>0x41</size>
         <input_file_ref idref="fl-25"/>
      </object_component>
      <object_component id="oc-252">
         <name>.text:_GPIO_setPadConfig</name>
         <load_address>0xfae0</load_address>
         <run_address>0xfae0</run_address>
         <size>0x3f</size>
         <input_file_ref idref="fl-24"/>
      </object_component>
      <object_component id="oc-23e">
         <name>.text:_HAL_setupTimers</name>
         <load_address>0xfb1f</load_address>
         <run_address>0xfb1f</run_address>
         <size>0x3f</size>
         <input_file_ref idref="fl-4"/>
      </object_component>
      <object_component id="oc-264">
         <name>.text:_SysCtl_selectXTAL</name>
         <load_address>0xfb5e</load_address>
         <run_address>0xfb5e</run_address>
         <size>0x3f</size>
         <input_file_ref idref="fl-28"/>
      </object_component>
      <object_component id="oc-266">
         <name>.text:_SysCtl_pollX1Counter</name>
         <load_address>0xfb9d</load_address>
         <run_address>0xfb9d</run_address>
         <size>0x3e</size>
         <input_file_ref idref="fl-28"/>
      </object_component>
      <object_component id="oc-228">
         <name>.text:_HAL_setupDlogWithDMA</name>
         <load_address>0xfbdb</load_address>
         <run_address>0xfbdb</run_address>
         <size>0x3c</size>
         <input_file_ref idref="fl-4"/>
      </object_component>
      <object_component id="oc-261">
         <name>.text:_DRV8320_readSPI</name>
         <load_address>0xfc17</load_address>
         <run_address>0xfc17</run_address>
         <size>0x36</size>
         <input_file_ref idref="fl-3"/>
      </object_component>
      <object_component id="oc-249">
         <name>.text:_Interrupt_enable</name>
         <load_address>0xfc4d</load_address>
         <run_address>0xfc4d</run_address>
         <size>0x36</size>
         <input_file_ref idref="fl-25"/>
      </object_component>
      <object_component id="oc-254">
         <name>.text:_ADC_setVREF</name>
         <load_address>0xfc83</load_address>
         <run_address>0xfc83</run_address>
         <size>0x30</size>
         <input_file_ref idref="fl-1e"/>
      </object_component>
      <object_component id="oc-250">
         <name>.text:_GPIO_setPinConfig</name>
         <load_address>0xfcb3</load_address>
         <run_address>0xfcb3</run_address>
         <size>0x30</size>
         <input_file_ref idref="fl-24"/>
      </object_component>
      <object_component id="oc-24d">
         <name>.text:_SysCtl_selectOscSource</name>
         <load_address>0xfce3</load_address>
         <run_address>0xfce3</run_address>
         <size>0x2d</size>
         <input_file_ref idref="fl-28"/>
      </object_component>
      <object_component id="oc-257">
         <name>.text:_XBAR_setEPWMMuxConfig</name>
         <load_address>0xfd10</load_address>
         <run_address>0xfd10</run_address>
         <size>0x2b</size>
         <input_file_ref idref="fl-29"/>
      </object_component>
      <object_component id="oc-20f">
         <name>.text</name>
         <load_address>0xfd3b</load_address>
         <run_address>0xfd3b</run_address>
         <size>0x29</size>
         <input_file_ref idref="fl-65"/>
      </object_component>
      <object_component id="oc-247">
         <name>.text:_DRV8320_enable</name>
         <load_address>0xfd64</load_address>
         <run_address>0xfd64</run_address>
         <size>0x28</size>
         <input_file_ref idref="fl-3"/>
      </object_component>
      <object_component id="oc-21b">
         <name>.text</name>
         <load_address>0xfd8c</load_address>
         <run_address>0xfd8c</run_address>
         <size>0x27</size>
         <input_file_ref idref="fl-53"/>
      </object_component>
      <object_component id="oc-20c">
         <name>.text</name>
         <load_address>0xfdb3</load_address>
         <run_address>0xfdb3</run_address>
         <size>0x24</size>
         <input_file_ref idref="fl-61"/>
      </object_component>
      <object_component id="oc-25a">
         <name>.text:_SCI_setConfig</name>
         <load_address>0xfdd7</load_address>
         <run_address>0xfdd7</run_address>
         <size>0x23</size>
         <input_file_ref idref="fl-26"/>
      </object_component>
      <object_component id="oc-262">
         <name>.text:_DRV8320_writeSPI</name>
         <load_address>0xfdfa</load_address>
         <run_address>0xfdfa</run_address>
         <size>0x22</size>
         <input_file_ref idref="fl-3"/>
      </object_component>
      <object_component id="oc-24f">
         <name>.text:_GPIO_setControllerCore</name>
         <load_address>0xfe1c</load_address>
         <run_address>0xfe1c</run_address>
         <size>0x22</size>
         <input_file_ref idref="fl-24"/>
      </object_component>
      <object_component id="oc-23b">
         <name>.text:_HAL_setupDACs</name>
         <load_address>0xfe3e</load_address>
         <run_address>0xfe3e</run_address>
         <size>0x22</size>
         <input_file_ref idref="fl-4"/>
      </object_component>
      <object_component id="oc-253">
         <name>.text:_GPIO_setAnalogMode</name>
         <load_address>0xfe60</load_address>
         <run_address>0xfe60</run_address>
         <size>0x21</size>
         <input_file_ref idref="fl-24"/>
      </object_component>
      <object_component id="oc-263">
         <name>.text:_SysCtl_selectXTALSingleEnded</name>
         <load_address>0xfe81</load_address>
         <run_address>0xfe81</run_address>
         <size>0x21</size>
         <input_file_ref idref="fl-28"/>
      </object_component>
      <object_component id="oc-251">
         <name>.text:_GPIO_setDirectionMode</name>
         <load_address>0xfea2</load_address>
         <run_address>0xfea2</run_address>
         <size>0x20</size>
         <input_file_ref idref="fl-24"/>
      </object_component>
      <object_component id="oc-25c">
         <name>.text:_SPI_setConfig</name>
         <load_address>0xfec2</load_address>
         <run_address>0xfec2</run_address>
         <size>0x1f</size>
         <input_file_ref idref="fl-27"/>
      </object_component>
      <object_component id="oc-25d">
         <name>.text:_SPI_clearInterruptStatus</name>
         <load_address>0xfee1</load_address>
         <run_address>0xfee1</run_address>
         <size>0x1e</size>
         <input_file_ref idref="fl-27"/>
      </object_component>
      <object_component id="oc-213">
         <name>.text</name>
         <load_address>0xfeff</load_address>
         <run_address>0xfeff</run_address>
         <size>0x1d</size>
         <input_file_ref idref="fl-62"/>
      </object_component>
      <object_component id="oc-25b">
         <name>.text:_SCI_clearInterruptStatus</name>
         <load_address>0xff1c</load_address>
         <run_address>0xff1c</run_address>
         <size>0x1c</size>
         <input_file_ref idref="fl-26"/>
      </object_component>
      <object_component id="oc-265">
         <name>.text:_ADC_setOffsetTrimAll</name>
         <load_address>0xff38</load_address>
         <run_address>0xff38</run_address>
         <size>0x1b</size>
         <input_file_ref idref="fl-1e"/>
      </object_component>
      <object_component id="oc-20d">
         <name>.text</name>
         <load_address>0xff53</load_address>
         <run_address>0xff53</run_address>
         <size>0x1</size>
         <input_file_ref idref="fl-64"/>
      </object_component>
      <object_component id="oc-23a">
         <name>.text:_HAL_setupPGAs</name>
         <load_address>0xff54</load_address>
         <run_address>0xff54</run_address>
         <size>0x1a</size>
         <input_file_ref idref="fl-4"/>
      </object_component>
      <object_component id="oc-255">
         <name>.text:_CMPSS_configFilterHigh</name>
         <load_address>0xff6e</load_address>
         <run_address>0xff6e</run_address>
         <size>0x19</size>
         <input_file_ref idref="fl-20"/>
      </object_component>
      <object_component id="oc-256">
         <name>.text:_CMPSS_configFilterLow</name>
         <load_address>0xff87</load_address>
         <run_address>0xff87</run_address>
         <size>0x19</size>
         <input_file_ref idref="fl-20"/>
      </object_component>
      <object_component id="oc-242">
         <name>.text:_HAL_setupGate</name>
         <load_address>0xffa0</load_address>
         <run_address>0xffa0</run_address>
         <size>0x16</size>
         <input_file_ref idref="fl-4"/>
      </object_component>
      <object_component id="oc-234">
         <name>.text:_Interrupt_initVectorTable</name>
         <load_address>0xffb6</load_address>
         <run_address>0xffb6</run_address>
         <size>0x15</size>
         <input_file_ref idref="fl-25"/>
      </object_component>
      <object_component id="oc-236">
         <name>.text:_HAL_cal</name>
         <load_address>0xffcb</load_address>
         <run_address>0xffcb</run_address>
         <size>0x14</size>
         <input_file_ref idref="fl-4"/>
      </object_component>
      <object_component id="oc-22b">
         <name>.text:_HAL_enableADCInts</name>
         <load_address>0xffdf</load_address>
         <run_address>0xffdf</run_address>
         <size>0x12</size>
         <input_file_ref idref="fl-4"/>
      </object_component>
      <object_component id="oc-20e">
         <name>.text</name>
         <load_address>0xfff1</load_address>
         <run_address>0xfff1</run_address>
         <size>0x12</size>
         <input_file_ref idref="fl-67"/>
      </object_component>
      <object_component id="oc-227">
         <name>.text:_DATALOG_init</name>
         <load_address>0x10003</load_address>
         <run_address>0x10003</run_address>
         <size>0xe</size>
         <input_file_ref idref="fl-b"/>
      </object_component>
      <object_component id="oc-243">
         <name>.text:_DMA_configAddresses</name>
         <load_address>0x10011</load_address>
         <run_address>0x10011</run_address>
         <size>0xe</size>
         <input_file_ref idref="fl-22"/>
      </object_component>
      <object_component id="oc-245">
         <name>.text:_DMA_configTransfer</name>
         <load_address>0x1001f</load_address>
         <run_address>0x1001f</run_address>
         <size>0xe</size>
         <input_file_ref idref="fl-22"/>
      </object_component>
      <object_component id="oc-1bf">
         <name>.text:_Interrupt_defaultHandler</name>
         <load_address>0x1002d</load_address>
         <run_address>0x1002d</run_address>
         <size>0xc</size>
         <input_file_ref idref="fl-25"/>
      </object_component>
      <object_component id="oc-244">
         <name>.text:_DMA_configBurst</name>
         <load_address>0x10039</load_address>
         <run_address>0x10039</run_address>
         <size>0xa</size>
         <input_file_ref idref="fl-22"/>
      </object_component>
      <object_component id="oc-1be">
         <name>.text:_Interrupt_illegalOperationHandler</name>
         <load_address>0x10043</load_address>
         <run_address>0x10043</run_address>
         <size>0xa</size>
         <input_file_ref idref="fl-25"/>
      </object_component>
      <object_component id="oc-1bd">
         <name>.text:_Interrupt_nmiHandler</name>
         <load_address>0x1004d</load_address>
         <run_address>0x1004d</run_address>
         <size>0xa</size>
         <input_file_ref idref="fl-25"/>
      </object_component>
      <object_component id="oc-258">
         <name>.text:_EPWM_setEmulationMode</name>
         <load_address>0x10057</load_address>
         <run_address>0x10057</run_address>
         <size>0x9</size>
         <input_file_ref idref="fl-23"/>
      </object_component>
      <object_component id="oc-230">
         <name>.text</name>
         <load_address>0x10060</load_address>
         <run_address>0x10060</run_address>
         <size>0x9</size>
         <input_file_ref idref="fl-66"/>
      </object_component>
      <object_component id="oc-e1">
         <name>.text</name>
         <load_address>0x10069</load_address>
         <run_address>0x10069</run_address>
         <size>0x8</size>
         <input_file_ref idref="fl-5"/>
      </object_component>
      <object_component id="oc-259">
         <name>.text:_CPUTimer_setEmulationMode</name>
         <load_address>0x10071</load_address>
         <run_address>0x10071</run_address>
         <size>0x6</size>
         <input_file_ref idref="fl-21"/>
      </object_component>
      <object_component id="oc-212">
         <name>.text:_FILTER_FO_setInitialConditions</name>
         <load_address>0x10077</load_address>
         <run_address>0x10077</run_address>
         <size>0x6</size>
         <input_file_ref idref="fl-c"/>
      </object_component>
      <object_component id="oc-225">
         <name>.text:_FILTER_FO_setNumCoeffs</name>
         <load_address>0x1007d</load_address>
         <run_address>0x1007d</run_address>
         <size>0x5</size>
         <input_file_ref idref="fl-c"/>
      </object_component>
      <object_component id="oc-229">
         <name>.text:_HAL_enableDRV</name>
         <load_address>0x10082</load_address>
         <run_address>0x10082</run_address>
         <size>0x5</size>
         <input_file_ref idref="fl-4"/>
      </object_component>
      <object_component id="oc-22f">
         <name>.text:_HAL_readDRVData</name>
         <load_address>0x10087</load_address>
         <run_address>0x10087</run_address>
         <size>0x5</size>
         <input_file_ref idref="fl-4"/>
      </object_component>
      <object_component id="oc-22a">
         <name>.text:_HAL_setupDRVSPI</name>
         <load_address>0x1008c</load_address>
         <run_address>0x1008c</run_address>
         <size>0x5</size>
         <input_file_ref idref="fl-4"/>
      </object_component>
      <object_component id="oc-22e">
         <name>.text:_HAL_writeDRVData</name>
         <load_address>0x10091</load_address>
         <run_address>0x10091</run_address>
         <size>0x5</size>
         <input_file_ref idref="fl-4"/>
      </object_component>
      <object_component id="oc-21a">
         <name>.text:_CLARKE_init</name>
         <load_address>0x10096</load_address>
         <run_address>0x10096</run_address>
         <size>0x4</size>
         <input_file_ref idref="fl-9"/>
      </object_component>
      <object_component id="oc-223">
         <name>.text:_FILTER_FO_init</name>
         <load_address>0x1009a</load_address>
         <run_address>0x1009a</run_address>
         <size>0x4</size>
         <input_file_ref idref="fl-c"/>
      </object_component>
      <object_component id="oc-21c">
         <name>.text:_IPARK_init</name>
         <load_address>0x1009e</load_address>
         <run_address>0x1009e</run_address>
         <size>0x4</size>
         <input_file_ref idref="fl-d"/>
      </object_component>
      <object_component id="oc-21d">
         <name>.text:_PARK_init</name>
         <load_address>0x100a2</load_address>
         <run_address>0x100a2</run_address>
         <size>0x4</size>
         <input_file_ref idref="fl-e"/>
      </object_component>
      <object_component id="oc-21e">
         <name>.text:_PI_init</name>
         <load_address>0x100a6</load_address>
         <run_address>0x100a6</run_address>
         <size>0x4</size>
         <input_file_ref idref="fl-f"/>
      </object_component>
      <object_component id="oc-220">
         <name>.text:_SVGENCURRENT_init</name>
         <load_address>0x100aa</load_address>
         <run_address>0x100aa</run_address>
         <size>0x4</size>
         <input_file_ref idref="fl-11"/>
      </object_component>
      <object_component id="oc-21f">
         <name>.text:_SVGEN_init</name>
         <load_address>0x100ae</load_address>
         <run_address>0x100ae</run_address>
         <size>0x4</size>
         <input_file_ref idref="fl-10"/>
      </object_component>
      <object_component id="oc-221">
         <name>.text:_TRAJ_init</name>
         <load_address>0x100b2</load_address>
         <run_address>0x100b2</run_address>
         <size>0x4</size>
         <input_file_ref idref="fl-12"/>
      </object_component>
      <object_component id="oc-232">
         <name>.text:_DRV8320_init</name>
         <load_address>0x100b6</load_address>
         <run_address>0x100b6</run_address>
         <size>0x3</size>
         <input_file_ref idref="fl-3"/>
      </object_component>
      <object_component id="oc-224">
         <name>.text:_FILTER_FO_setDenCoeffs</name>
         <load_address>0x100b9</load_address>
         <run_address>0x100b9</run_address>
         <size>0x3</size>
         <input_file_ref idref="fl-c"/>
      </object_component>
      <object_component id="oc-22c">
         <name>.text:_HAL_enableDebugInt</name>
         <load_address>0x100bc</load_address>
         <run_address>0x100bc</run_address>
         <size>0x3</size>
         <input_file_ref idref="fl-4"/>
      </object_component>
      <object_component id="oc-25f">
         <name>.text:_DRV8320_setGPIOCSNumber</name>
         <load_address>0x100bf</load_address>
         <run_address>0x100bf</run_address>
         <size>0x2</size>
         <input_file_ref idref="fl-3"/>
      </object_component>
      <object_component id="oc-260">
         <name>.text:_DRV8320_setGPIONumber</name>
         <load_address>0x100c1</load_address>
         <run_address>0x100c1</run_address>
         <size>0x2</size>
         <input_file_ref idref="fl-3"/>
      </object_component>
      <object_component id="oc-25e">
         <name>.text:_DRV8320_setSPIHandle</name>
         <load_address>0x100c3</load_address>
         <run_address>0x100c3</run_address>
         <size>0x2</size>
         <input_file_ref idref="fl-3"/>
      </object_component>
      <object_component id="oc-20b">
         <name>.text</name>
         <load_address>0x100c5</load_address>
         <run_address>0x100c5</run_address>
         <size>0x2</size>
         <input_file_ref idref="fl-63"/>
      </object_component>
      <object_component id="oc-cf">
         <name>.cinit</name>
         <load_address>0x100c8</load_address>
         <run_address>0x100c8</run_address>
         <size>0x13a</size>
         <input_file_ref idref="fl-2"/>
      </object_component>
      <object_component id="oc-1fa">
         <name>.cinit</name>
         <load_address>0x10202</load_address>
         <run_address>0x10202</run_address>
         <size>0xe</size>
         <input_file_ref idref="fl-65"/>
      </object_component>
      <object_component id="oc-216">
         <name>.cinit:__lock</name>
         <load_address>0x10210</load_address>
         <run_address>0x10210</run_address>
         <size>0x5</size>
         <input_file_ref idref="fl-66"/>
      </object_component>
      <object_component id="oc-231">
         <name>.cinit:__unlock</name>
         <load_address>0x10215</load_address>
         <run_address>0x10215</run_address>
         <size>0x5</size>
         <input_file_ref idref="fl-66"/>
      </object_component>
      <object_component id="oc-1db">
         <name>.reset</name>
         <load_address>0x3fffc0</load_address>
         <run_address>0x3fffc0</run_address>
         <size>0x2</size>
         <input_file_ref idref="fl-5f"/>
      </object_component>
      <object_component id="oc-1da">
         <name>.stack</name>
         <uninitialized>true</uninitialized>
         <run_address>0xf6</run_address>
         <size>0x0</size>
         <input_file_ref idref="fl-5f"/>
      </object_component>
      <object_component id="oc-317">
         <name>.stack</name>
         <uninitialized>true</uninitialized>
         <run_address>0xf6</run_address>
         <size>0x0</size>
      </object_component>
      <object_component id="oc-d0">
         <name>.ebss</name>
         <uninitialized>true</uninitialized>
         <run_address>0xcd00</run_address>
         <size>0x26a</size>
         <input_file_ref idref="fl-2"/>
      </object_component>
      <object_component id="oc-210">
         <name>.ebss:_filterHandle_I</name>
         <uninitialized>true</uninitialized>
         <run_address>0xccf2</run_address>
         <size>0x6</size>
         <input_file_ref idref="fl-2"/>
      </object_component>
      <object_component id="oc-211">
         <name>.ebss:_filterHandle_V</name>
         <uninitialized>true</uninitialized>
         <run_address>0xccf8</run_address>
         <size>0x6</size>
         <input_file_ref idref="fl-2"/>
      </object_component>
      <object_component id="oc-222">
         <name>.ebss:_filter_I</name>
         <uninitialized>true</uninitialized>
         <run_address>0xcf80</run_address>
         <size>0x1e</size>
         <input_file_ref idref="fl-2"/>
      </object_component>
      <object_component id="oc-226">
         <name>.ebss:_filter_V</name>
         <uninitialized>true</uninitialized>
         <run_address>0xcf9e</run_address>
         <size>0x1e</size>
         <input_file_ref idref="fl-2"/>
      </object_component>
      <object_component id="oc-170">
         <name>.ebss</name>
         <uninitialized>true</uninitialized>
         <run_address>0xcce4</run_address>
         <size>0xe</size>
         <input_file_ref idref="fl-b"/>
      </object_component>
      <object_component id="oc-1fb">
         <name>.ebss</name>
         <uninitialized>true</uninitialized>
         <run_address>0xcf6a</run_address>
         <size>0x6</size>
         <input_file_ref idref="fl-65"/>
      </object_component>
      <object_component id="oc-215">
         <name>.ebss:__lock</name>
         <uninitialized>true</uninitialized>
         <run_address>0xccfe</run_address>
         <size>0x2</size>
         <input_file_ref idref="fl-66"/>
      </object_component>
      <object_component id="oc-24c">
         <name>.ebss:__unlock</name>
         <uninitialized>true</uninitialized>
         <run_address>0xcf70</run_address>
         <size>0x2</size>
         <input_file_ref idref="fl-66"/>
      </object_component>
      <object_component id="oc-d1">
         <name>ctrl_data</name>
         <uninitialized>true</uninitialized>
         <run_address>0x400</run_address>
         <size>0x226</size>
         <input_file_ref idref="fl-2"/>
      </object_component>
      <object_component id="oc-171">
         <name>datalog_data</name>
         <uninitialized>true</uninitialized>
         <run_address>0xc000</run_address>
         <size>0xce4</size>
         <input_file_ref idref="fl-b"/>
      </object_component>
      <object_component id="oc-ce">
         <name>.debug_info</name>
         <load_address>0x0</load_address>
[...]
         <name>_AdcbRegs</name>
         <value>0x7480</value>
         <object_component_ref idref="oc-140"/>
      </symbol>
      <symbol id="sm-437">
         <name>_ScibRegs</name>
         <value>0x7210</value>
         <object_component_ref idref="oc-105"/>
      </symbol>
      <symbol id="sm-438">
         <name>_AdcaResultRegs</name>
         <value>0xb00</value>
         <object_component_ref idref="oc-10c"/>
      </symbol>
      <symbol id="sm-439">
         <name>_ECap2Regs</name>
         <value>0x5240</value>
         <object_component_ref idref="oc-111"/>
      </symbol>
      <symbol id="sm-43a">
         <name>_EradHWBP3Regs</name>
         <value>0x5e910</value>
         <object_component_ref idref="oc-f0"/>
      </symbol>
      <symbol id="sm-43b">
         <name>_AdcbResultRegs</name>
         <value>0xb20</value>
         <object_component_ref idref="oc-10d"/>
      </symbol>
      <symbol id="sm-43c">
         <name>_Clb1LogicCfgRegs</name>
         <value>0x3000</value>
         <object_component_ref idref="oc-138"/>
      </symbol>
      <symbol id="sm-43d">
         <name>_AdccResultRegs</name>
         <value>0xb40</value>
         <object_component_ref idref="oc-10e"/>
      </symbol>
      <symbol id="sm-43e">
         <name>_EQep2Regs</name>
         <value>0x5140</value>
         <object_component_ref idref="oc-12d"/>
      </symbol>
      <symbol id="sm-43f">
         <name>_Cmpss1Regs</name>
         <value>0x5c80</value>
         <object_component_ref idref="oc-118"/>
      </symbol>
      <symbol id="sm-440">
         <name>_DcsmBank1Z1Regs</name>
         <value>0x5f100</value>
         <object_component_ref idref="oc-121"/>
      </symbol>
      <symbol id="sm-441">
         <name>_EPwm8Regs</name>
         <value>0x4700</value>
         <object_component_ref idref="oc-14e"/>
      </symbol>
      <symbol id="sm-442">
         <name>_DcsmCommonRegs</name>
         <value>0x5f070</value>
         <object_component_ref idref="oc-103"/>
      </symbol>
      <symbol id="sm-443">
         <name>_EPwm2Regs</name>
         <value>0x4100</value>
         <object_component_ref idref="oc-148"/>
      </symbol>
      <symbol id="sm-444">
         <name>_Pga1Regs</name>
         <value>0x5b00</value>
         <object_component_ref idref="oc-fa"/>
      </symbol>
      <symbol id="sm-445">
         <name>_ECap3Regs</name>
         <value>0x5280</value>
         <object_component_ref idref="oc-112"/>
      </symbol>
      <symbol id="sm-446">
         <name>_EradHWBP2Regs</name>
         <value>0x5e908</value>
         <object_component_ref idref="oc-ef"/>
      </symbol>
      <symbol id="sm-447">
         <name>_ClaPromCrc0Regs</name>
         <value>0x61c0</value>
         <object_component_ref idref="oc-120"/>
      </symbol>
      <symbol id="sm-448">
         <name>_SyncSocRegs</name>
         <value>0x7940</value>
         <object_component_ref idref="oc-e7"/>
      </symbol>
      <symbol id="sm-449">
         <name>_NmiIntruptRegs</name>
         <value>0x7060</value>
         <object_component_ref idref="oc-ea"/>
      </symbol>
      <symbol id="sm-44a">
         <name>_FsiRxaRegs</name>
         <value>0x6680</value>
         <object_component_ref idref="oc-13c"/>
      </symbol>
      <symbol id="sm-44b">
         <name>_EPwm3Regs</name>
         <value>0x4200</value>
         <object_component_ref idref="oc-149"/>
      </symbol>
      <symbol id="sm-44c">
         <name>_EradCounter1Regs</name>
         <value>0x5e980</value>
         <object_component_ref idref="oc-f6"/>
      </symbol>
      <symbol id="sm-44d">
         <name>_EradHWBP1Regs</name>
         <value>0x5e900</value>
         <object_component_ref idref="oc-ee"/>
      </symbol>
      <symbol id="sm-44e">
         <name>_I2caRegs</name>
         <value>0x7300</value>
         <object_component_ref idref="oc-126"/>
      </symbol>
      <symbol id="sm-465">
         <name>_USER_setParams</name>
         <value>0xea86</value>
         <object_component_ref idref="oc-217"/>
      </symbol>
      <symbol id="sm-473">
         <name>_CLARKE_init</name>
         <value>0x10096</value>
         <object_component_ref idref="oc-21a"/>
      </symbol>
      <symbol id="sm-48f">
         <name>_datalog</name>
         <value>0xcce6</value>
         <object_component_ref idref="oc-170"/>
      </symbol>
      <symbol id="sm-490">
         <name>_DATALOG_init</name>
         <value>0x10003</value>
         <object_component_ref idref="oc-227"/>
      </symbol>
      <symbol id="sm-492">
         <name>_datalogBuff1</name>
         <value>0xc000</value>
         <object_component_ref idref="oc-171"/>
      </symbol>
      <symbol id="sm-493">
         <name>_datalogBuff3</name>
         <value>0xc680</value>
         <object_component_ref idref="oc-171"/>
      </symbol>
      <symbol id="sm-494">
         <name>_datalogBuff2</name>
         <value>0xc340</value>
         <object_component_ref idref="oc-171"/>
      </symbol>
      <symbol id="sm-495">
         <name>_datalogBuff4</name>
         <value>0xc9c0</value>
         <object_component_ref idref="oc-171"/>
      </symbol>
      <symbol id="sm-496">
         <name>_datalogHandle</name>
         <value>0xcce4</value>
         <object_component_ref idref="oc-170"/>
      </symbol>
      <symbol id="sm-4a9">
         <name>_FILTER_FO_setNumCoeffs</name>
         <value>0x1007d</value>
         <object_component_ref idref="oc-225"/>
      </symbol>
      <symbol id="sm-4ab">
         <name>_FILTER_FO_setInitialConditions</name>
         <value>0x10077</value>
         <object_component_ref idref="oc-212"/>
      </symbol>
      <symbol id="sm-4ad">
         <name>_FILTER_FO_setDenCoeffs</name>
         <value>0x100b9</value>
         <object_component_ref idref="oc-224"/>
      </symbol>
      <symbol id="sm-4af">
         <name>_FILTER_FO_init</name>
         <value>0x1009a</value>
         <object_component_ref idref="oc-223"/>
      </symbol>
      <symbol id="sm-4bd">
         <name>_IPARK_init</name>
         <value>0x1009e</value>
         <object_component_ref idref="oc-21c"/>
      </symbol>
      <symbol id="sm-4cb">
         <name>_PARK_init</name>
         <value>0x100a2</value>
         <object_component_ref idref="oc-21d"/>
      </symbol>
      <symbol id="sm-4d9">
         <name>_PI_init</name>
         <value>0x100a6</value>
         <object_component_ref idref="oc-21e"/>
      </symbol>
      <symbol id="sm-4e7">
         <name>_SVGEN_init</name>
         <value>0x100ae</value>
         <object_component_ref idref="oc-21f"/>
      </symbol>
      <symbol id="sm-4f5">
         <name>_SVGENCURRENT_init</name>
         <value>0x100aa</value>
         <object_component_ref idref="oc-220"/>
      </symbol>
      <symbol id="sm-503">
         <name>_TRAJ_init</name>
         <value>0x100b2</value>
         <object_component_ref idref="oc-221"/>
      </symbol>
      <symbol id="sm-51b">
         <name>_ADC_setOffsetTrimAll</name>
         <value>0xff38</value>
         <object_component_ref idref="oc-265"/>
      </symbol>
      <symbol id="sm-51d">
         <name>_ADC_setVREF</name>
         <value>0xfc83</value>
         <object_component_ref idref="oc-254"/>
      </symbol>
      <symbol id="sm-535">
         <name>_CMPSS_configFilterLow</name>
         <value>0xff87</value>
         <object_component_ref idref="oc-256"/>
      </symbol>
      <symbol id="sm-537">
         <name>_CMPSS_configFilterHigh</name>
         <value>0xff6e</value>
         <object_component_ref idref="oc-255"/>
      </symbol>
      <symbol id="sm-544">
         <name>_CPUTimer_setEmulationMode</name>
         <value>0x10071</value>
         <object_component_ref idref="oc-259"/>
      </symbol>
      <symbol id="sm-55e">
         <name>_DMA_configBurst</name>
         <value>0x10039</value>
         <object_component_ref idref="oc-244"/>
      </symbol>
      <symbol id="sm-560">
         <name>_DMA_configTransfer</name>
         <value>0x1001f</value>
         <object_component_ref idref="oc-245"/>
      </symbol>
      <symbol id="sm-562">
         <name>_DMA_configAddresses</name>
         <value>0x10011</value>
         <object_component_ref idref="oc-243"/>
      </symbol>
      <symbol id="sm-564">
         <name>_DMA_configMode</name>
         <value>0xf773</value>
         <object_component_ref idref="oc-246"/>
      </symbol>
      <symbol id="sm-571">
         <name>_EPWM_setEmulationMode</name>
         <value>0x10057</value>
         <object_component_ref idref="oc-258"/>
      </symbol>
      <symbol id="sm-590">
         <name>_GPIO_setAnalogMode</name>
         <value>0xfe60</value>
         <object_component_ref idref="oc-253"/>
      </symbol>
      <symbol id="sm-592">
         <name>_GPIO_setControllerCore</name>
         <value>0xfe1c</value>
         <object_component_ref idref="oc-24f"/>
      </symbol>
      <symbol id="sm-594">
         <name>_GPIO_setPinConfig</name>
         <value>0xfcb3</value>
         <object_component_ref idref="oc-250"/>
      </symbol>
      <symbol id="sm-596">
         <name>_GPIO_setDirectionMode</name>
         <value>0xfea2</value>
         <object_component_ref idref="oc-251"/>
      </symbol>
      <symbol id="sm-598">
         <name>_GPIO_setPadConfig</name>
         <value>0xfae0</value>
         <object_component_ref idref="oc-252"/>
      </symbol>
      <symbol id="sm-5b6">
         <name>_Interrupt_illegalOperationHandler</name>
         <value>0x10043</value>
         <object_component_ref idref="oc-1be"/>
      </symbol>
      <symbol id="sm-5b8">
         <name>_Interrupt_enable</name>
         <value>0xfc4d</value>
         <object_component_ref idref="oc-249"/>
      </symbol>
      <symbol id="sm-5ba">
         <name>_Interrupt_initVectorTable</name>
         <value>0xffb6</value>
         <object_component_ref idref="oc-234"/>
      </symbol>
      <symbol id="sm-5bc">
         <name>_Interrupt_initModule</name>
         <value>0xfa9f</value>
         <object_component_ref idref="oc-233"/>
      </symbol>
      <symbol id="sm-5be">
         <name>_Interrupt_nmiHandler</name>
         <value>0x1004d</value>
         <object_component_ref idref="oc-1bd"/>
      </symbol>
      <symbol id="sm-5c0">
         <name>_Interrupt_defaultHandler</name>
         <value>0x1002d</value>
         <object_component_ref idref="oc-1bf"/>
      </symbol>
      <symbol id="sm-5d3">
         <name>_SCI_clearInterruptStatus</name>
         <value>0xff1c</value>
         <object_component_ref idref="oc-25b"/>
      </symbol>
      <symbol id="sm-5d5">
         <name>_SCI_setConfig</name>
         <value>0xfdd7</value>
         <object_component_ref idref="oc-25a"/>
      </symbol>
      <symbol id="sm-5e9">
         <name>_SPI_setConfig</name>
         <value>0xfec2</value>
         <object_component_ref idref="oc-25c"/>
      </symbol>
      <symbol id="sm-5eb">
         <name>_SPI_clearInterruptStatus</name>
         <value>0xfee1</value>
         <object_component_ref idref="oc-25d"/>
      </symbol>
      <symbol id="sm-62b">
         <name>_SysCtl_selectXTALSingleEnded</name>
         <value>0xfe81</value>
         <object_component_ref idref="oc-263"/>
      </symbol>
      <symbol id="sm-62d">
         <name>_SysCtl_selectXTAL</name>
         <value>0xfb5e</value>
         <object_component_ref idref="oc-264"/>
      </symbol>
      <symbol id="sm-62f">
         <name>_SysCtl_delay</name>
         <value>0xa636</value>
         <object_component_ref idref="oc-1cf"/>
      </symbol>
      <symbol id="sm-630">
         <name>_SysCtl_selectOscSource</name>
         <value>0xfce3</value>
         <object_component_ref idref="oc-24d"/>
      </symbol>
      <symbol id="sm-632">
         <name>_SysCtl_isPLLValid</name>
         <value>0xf4bd</value>
         <object_component_ref idref="oc-24e"/>
      </symbol>
      <symbol id="sm-634">
         <name>_SysCtl_setClock</name>
         <value>0xf574</value>
         <object_component_ref idref="oc-235"/>
      </symbol>
      <symbol id="sm-641">
         <name>_XBAR_setEPWMMuxConfig</name>
         <value>0xfd10</value>
         <object_component_ref idref="oc-257"/>
      </symbol>
      <symbol id="sm-644">
         <name>_EST_computeTorque_Nm</name>
         <value>0x3ed3e8</value>
      </symbol>
      <symbol id="sm-646">
         <name>_EST_configureTraj</name>
         <value>0x3ed1c4</value>
      </symbol>
      <symbol id="sm-648">
         <name>_EST_disable</name>
         <value>0x3ed1be</value>
      </symbol>
      <symbol id="sm-64a">
         <name>_EST_disableTraj</name>
         <value>0x3ed1b5</value>
      </symbol>
      <symbol id="sm-64c">
         <name>_EST_enable</name>
         <value>0x3ed18c</value>
      </symbol>
      <symbol id="sm-64e">
         <name>_EST_enableTraj</name>
         <value>0x3ed182</value>
      </symbol>
      <symbol id="sm-650">
         <name>_EST_getFlux_Wb</name>
         <value>0x3ed0ad</value>
      </symbol>
      <symbol id="sm-652">
         <name>_EST_getFm_lp_Hz</name>
         <value>0x3ed059</value>
      </symbol>
      <symbol id="sm-654">
         <name>_EST_getIdq_A</name>
         <value>0x3ecf8a</value>
      </symbol>
      <symbol id="sm-656">
         <name>_EST_getIdRated_A</name>
         <value>0x3ecfae</value>
      </symbol>
      <symbol id="sm-658">
         <name>_EST_getIntValue_Id_A</name>
         <value>0x3ecf6b</value>
      </symbol>
      <symbol id="sm-65a">
         <name>_EST_getIntValue_spd_Hz</name>
         <value>0x3ecf55</value>
      </symbol>
      <symbol id="sm-65c">
         <name>_EST_getLs_d_H</name>
         <value>0x3ecf12</value>
      </symbol>
      <symbol id="sm-65e">
         <name>_EST_getLs_q_H</name>
         <value>0x3ecede</value>
      </symbol>
      <symbol id="sm-660">
         <name>_EST_getRoverL_rps</name>
         <value>0x3ed44c</value>
      </symbol>
      <symbol id="sm-662">
         <name>_EST_getRr_Ohm</name>
         <value>0x3ecdf6</value>
      </symbol>
      <symbol id="sm-664">
         <name>_EST_getRs_Ohm</name>
         <value>0x3ecd1c</value>
      </symbol>
      <symbol id="sm-666">
         <name>_EST_getRsOnLine_Ohm</name>
         <value>0x3ecd4e</value>
      </symbol>
      <symbol id="sm-668">
         <name>_EST_getState</name>
         <value>0x3eb000</value>
      </symbol>
      <symbol id="sm-66a">
         <name>_EST_getTrajState</name>
         <value>0x3ecc59</value>
      </symbol>
      <symbol id="sm-66c">
         <name>_EST_initEst</name>
         <value>0x3ecbde</value>
      </symbol>
      <symbol id="sm-66e">
         <name>_EST_isError</name>
         <value>0x3ecaed</value>
      </symbol>
      <symbol id="sm-670">
         <name>_EST_isMotorIdentified</name>
         <value>0x3ecad7</value>
      </symbol>
      <symbol id="sm-672">
         <name>_EST_isTrajError</name>
         <value>0x3ecab6</value>
      </symbol>
      <symbol id="sm-674">
         <name>_EST_run</name>
         <value>0x3ec9ee</value>
      </symbol>
      <symbol id="sm-676">
         <name>_EST_setFlag_bypassLockRotor</name>
         <value>0x3eb8e1</value>
      </symbol>
      <symbol id="sm-678">
         <name>_EST_setFlag_enableForceAngle</name>
         <value>0x3eb8f6</value>
      </symbol>
      <symbol id="sm-67a">
         <name>_EST_setFlag_enablePowerWarp</name>
         <value>0x3ebfc8</value>
      </symbol>
      <symbol id="sm-67c">
         <name>_EST_setFlag_enableRsRecalc</name>
         <value>0x3eb8fd</value>
      </symbol>
      <symbol id="sm-67e">
         <name>_EST_setIdq_ref_A</name>
         <value>0x3ebf39</value>
      </symbol>
      <symbol id="sm-680">
         <name>_EST_setParams</name>
         <value>0x3eb915</value>
      </symbol>
      <symbol id="sm-682">
         <name>_EST_updateId_ref_A</name>
         <value>0x3eb581</value>
      </symbol>
      <symbol id="sm-684">
         <name>_EST_updateState</name>
         <value>0x3eb2b3</value>
      </symbol>
      <symbol id="sm-686">
         <name>_EST_updateTrajState</name>
         <value>0x3eb00a</value>
      </symbol>
      <symbol id="sm-688">
         <name>_USER_setParams_priv</name>
         <value>0x3ee13c</value>
      </symbol>
      <symbol id="sm-68c">
         <name>_EST_setOneOverFluxGain_sf</name>
         <value>0xfd8c</value>
         <object_component_ref idref="oc-21b"/>
      </symbol>
      <symbol id="sm-68d">
         <name>_EST_setBemf_sf</name>
         <value>0xfda7</value>
         <object_component_ref idref="oc-21b"/>
      </symbol>
      <symbol id="sm-68e">
         <name>_EST_setFreqLFP_sf</name>
         <value>0xfd98</value>
         <object_component_ref idref="oc-21b"/>
      </symbol>
      <symbol id="sm-6a9">
         <name>_c_int00</name>
         <value>0xf96f</value>
         <object_component_ref idref="oc-1d9"/>
      </symbol>
      <symbol id="sm-6aa">
         <name>__stack</name>
         <value>0xf6</value>
         <object_component_ref idref="oc-1da"/>
      </symbol>
      <symbol id="sm-6bb">
         <name>FS$$DIV</name>
         <value>0xf800</value>
         <object_component_ref idref="oc-1e0"/>
      </symbol>
      <symbol id="sm-6ca">
         <name>_copy_in</name>
         <value>0xfdb3</value>
         <object_component_ref idref="oc-20c"/>
      </symbol>
      <symbol id="sm-6dc">
         <name>_memcpy</name>
         <value>0xfeff</value>
         <object_component_ref idref="oc-213"/>
      </symbol>
      <symbol id="sm-6e9">
         <name>__system_pre_init</name>
         <value>0x100c5</value>
         <object_component_ref idref="oc-20b"/>
      </symbol>
      <symbol id="sm-6f7">
         <name>__system_post_cinit</name>
         <value>0xff53</value>
         <object_component_ref idref="oc-20d"/>
      </symbol>
      <symbol id="sm-70c">
         <name>C$$EXIT</name>
         <value>0xfd3b</value>
         <object_component_ref idref="oc-20f"/>
      </symbol>
      <symbol id="sm-70d">
         <name>_exit</name>
         <value>0xfd3d</value>
         <object_component_ref idref="oc-20f"/>
      </symbol>
      <symbol id="sm-70f">
         <name>___TI_cleanup_ptr</name>
         <value>0xcf6c</value>
         <object_component_ref idref="oc-1fb"/>
      </symbol>
      <symbol id="sm-710">
         <name>___TI_enable_exit_profile_output</name>
         <value>0xcf6a</value>
         <object_component_ref idref="oc-1fb"/>
      </symbol>
      <symbol id="sm-711">
         <name>_abort</name>
         <value>0xfd3b</value>
         <object_component_ref idref="oc-20f"/>
      </symbol>
      <symbol id="sm-713">
         <name>___TI_dtors_ptr</name>
         <value>0xcf6e</value>
         <object_component_ref idref="oc-1fb"/>
      </symbol>
      <symbol id="sm-727">
         <name>__unlock</name>
         <value>0xcf70</value>
         <object_component_ref idref="oc-24c"/>
      </symbol>
      <symbol id="sm-728">
         <name>__lock</name>
         <value>0xccfe</value>
         <object_component_ref idref="oc-215"/>
      </symbol>
      <symbol id="sm-729">
         <name>__register_lock</name>
         <value>0x10064</value>
         <object_component_ref idref="oc-230"/>
      </symbol>
      <symbol id="sm-72b">
         <name>__nop</name>
         <value>0x10068</value>
         <object_component_ref idref="oc-230"/>
      </symbol>
      <symbol id="sm-72d">
         <name>__register_unlock</name>
         <value>0x10060</value>
         <object_component_ref idref="oc-230"/>
      </symbol>
      <symbol id="sm-73d">
         <name>__args_main</name>
         <value>0xfff1</value>
         <object_component_ref idref="oc-20e"/>
      </symbol>
      <symbol id="sm-740">
         <name>_EST_setFreqBeta_lp</name>
         <value>0x3eb870</value>
      </symbol>
   </symbol_table>
   <title>Link successful</title>
</link_info>
